Component: ARM Compiler 5.06 update 6 (build 750) Tool: armlink [4d35ed]

==============================================================================

Section Cross References

    main.o(i.android_orient_cb) refers to log_stm32.o(i._MLPrintLog) for _MLPrintLog
    main.o(i.draw_map) refers to bsp_ili9341_lcd.o(i.ILI9341_Draw_Rec_Color) for ILI9341_Draw_Rec_Color
    main.o(i.draw_map) refers to bsp_ili9341_lcd.o(i.LCD_SetColors) for LCD_SetColors
    main.o(i.draw_map) refers to bsp_ili9341_lcd.o(i.ILI9341_DrawCircle) for ILI9341_DrawCircle
    main.o(i.draw_map) refers to main.o(.data) for now_x
    main.o(i.draw_map) refers to main.o(.bss) for maze_map
    main.o(i.getfa) refers to main.o(.bss) for fa
    main.o(i.gyro_data_ready_cb) refers to main.o(.bss) for hal
    main.o(i.main) refers to bsp_key.o(i.Key_GPIO_Config) for Key_GPIO_Config
    main.o(i.main) refers to bsp_ili9341_lcd.o(i.ILI9341_Init) for ILI9341_Init
    main.o(i.main) refers to bsp_ili9341_lcd.o(i.ILI9341_GramScan) for ILI9341_GramScan
    main.o(i.main) refers to bsp_ili9341_lcd.o(i.LCD_SetFont) for LCD_SetFont
    main.o(i.main) refers to bsp_ili9341_lcd.o(i.LCD_SetColors) for LCD_SetColors
    main.o(i.main) refers to bsp_systick.o(i.SysTick_Init) for SysTick_Init
    main.o(i.main) refers to bsp_led.o(i.LED_GPIO_Config) for LED_GPIO_Config
    main.o(i.main) refers to bsp_usart.o(i.USART_Config) for USART_Config
    main.o(i.main) refers to bsp_exti.o(i.EXTI_Pxy_Config) for EXTI_Pxy_Config
    main.o(i.main) refers to bsp_i2c.o(i.I2C_Bus_Init) for I2C_Bus_Init
    main.o(i.main) refers to bsp_ili9341_lcd.o(i.ILI9341_Clear) for ILI9341_Clear
    main.o(i.main) refers to printfa.o(i.__0printf) for __2printf
    main.o(i.main) refers to inv_mpu.o(i.mpu_init) for mpu_init
    main.o(i.main) refers to mpl.o(i.inv_init_mpl) for inv_init_mpl
    main.o(i.main) refers to log_stm32.o(i._MLPrintLog) for _MLPrintLog
    main.o(i.main) refers to quaternion_supervisor.o(.text) for inv_enable_quaternion
    main.o(i.main) refers to fusion_9axis.o(.text) for inv_enable_9x_sensor_fusion
    main.o(i.main) refers to fast_no_motion.o(.text) for inv_enable_fast_nomot
    main.o(i.main) refers to gyro_tc.o(.text) for inv_enable_gyro_tc
    main.o(i.main) refers to empl_outputs.o(i.inv_enable_eMPL_outputs) for inv_enable_eMPL_outputs
    main.o(i.main) refers to mpl.o(i.inv_start_mpl) for inv_start_mpl
    main.o(i.main) refers to inv_mpu.o(i.mpu_set_sensors) for mpu_set_sensors
    main.o(i.main) refers to inv_mpu.o(i.mpu_configure_fifo) for mpu_configure_fifo
    main.o(i.main) refers to inv_mpu.o(i.mpu_set_sample_rate) for mpu_set_sample_rate
    main.o(i.main) refers to inv_mpu.o(i.mpu_get_sample_rate) for mpu_get_sample_rate
    main.o(i.main) refers to inv_mpu.o(i.mpu_get_gyro_fsr) for mpu_get_gyro_fsr
    main.o(i.main) refers to inv_mpu.o(i.mpu_get_accel_fsr) for mpu_get_accel_fsr
    main.o(i.main) refers to data_builder.o(i.inv_set_gyro_sample_rate) for inv_set_gyro_sample_rate
    main.o(i.main) refers to data_builder.o(i.inv_set_accel_sample_rate) for inv_set_accel_sample_rate
    main.o(i.main) refers to ml_math_func.o(i.inv_orientation_matrix_to_scalar) for inv_orientation_matrix_to_scalar
    main.o(i.main) refers to data_builder.o(i.inv_set_gyro_orientation_and_scale) for inv_set_gyro_orientation_and_scale
    main.o(i.main) refers to data_builder.o(i.inv_set_accel_orientation_and_scale) for inv_set_accel_orientation_and_scale
    main.o(i.main) refers to bsp_systick.o(i.get_tick_count) for get_tick_count
    main.o(i.main) refers to inv_mpu_dmp_motion_driver.o(i.dmp_load_motion_driver_firmware) for dmp_load_motion_driver_firmware
    main.o(i.main) refers to inv_mpu_dmp_motion_driver.o(i.dmp_set_orientation) for dmp_set_orientation
    main.o(i.main) refers to inv_mpu_dmp_motion_driver.o(i.dmp_register_tap_cb) for dmp_register_tap_cb
    main.o(i.main) refers to inv_mpu_dmp_motion_driver.o(i.dmp_register_android_orient_cb) for dmp_register_android_orient_cb
    main.o(i.main) refers to inv_mpu_dmp_motion_driver.o(i.dmp_enable_feature) for dmp_enable_feature
    main.o(i.main) refers to inv_mpu_dmp_motion_driver.o(i.dmp_set_fifo_rate) for dmp_set_fifo_rate
    main.o(i.main) refers to inv_mpu.o(i.mpu_set_dmp_state) for mpu_set_dmp_state
    main.o(i.main) refers to main.o(i.maze_init) for maze_init
    main.o(i.main) refers to main.o(i.draw_map) for draw_map
    main.o(i.main) refers to main.o(i.show_dir) for show_dir
    main.o(i.main) refers to bsp_key.o(i.Key_Scan) for Key_Scan
    main.o(i.main) refers to main.o(i.move) for move
    main.o(i.main) refers to stm32f10x_usart.o(i.USART_GetFlagStatus) for USART_GetFlagStatus
    main.o(i.main) refers to stm32f10x_usart.o(i.USART_ClearFlag) for USART_ClearFlag
    main.o(i.main) refers to inv_mpu.o(i.mpu_lp_motion_interrupt) for mpu_lp_motion_interrupt
    main.o(i.main) refers to data_builder.o(i.inv_accel_was_turned_off) for inv_accel_was_turned_off
[...]
    DMA2_Channel1_IRQHandler                 0x0800015f   Thumb Code     0  startup_stm32f10x_hd.o(.text)
    DMA2_Channel2_IRQHandler                 0x0800015f   Thumb Code     0  startup_stm32f10x_hd.o(.text)
    DMA2_Channel3_IRQHandler                 0x0800015f   Thumb Code     0  startup_stm32f10x_hd.o(.text)
    DMA2_Channel4_5_IRQHandler               0x0800015f   Thumb Code     0  startup_stm32f10x_hd.o(.text)
    EXTI0_IRQHandler                         0x0800015f   Thumb Code     0  startup_stm32f10x_hd.o(.text)
    EXTI1_IRQHandler                         0x0800015f   Thumb Code     0  startup_stm32f10x_hd.o(.text)
    EXTI2_IRQHandler                         0x0800015f   Thumb Code     0  startup_stm32f10x_hd.o(.text)
    EXTI3_IRQHandler                         0x0800015f   Thumb Code     0  startup_stm32f10x_hd.o(.text)
    EXTI4_IRQHandler                         0x0800015f   Thumb Code     0  startup_stm32f10x_hd.o(.text)
    EXTI9_5_IRQHandler                       0x0800015f   Thumb Code     0  startup_stm32f10x_hd.o(.text)
    FLASH_IRQHandler                         0x0800015f   Thumb Code     0  startup_stm32f10x_hd.o(.text)
    FSMC_IRQHandler                          0x0800015f   Thumb Code     0  startup_stm32f10x_hd.o(.text)
    I2C1_ER_IRQHandler                       0x0800015f   Thumb Code     0  startup_stm32f10x_hd.o(.text)
    I2C1_EV_IRQHandler                       0x0800015f   Thumb Code     0  startup_stm32f10x_hd.o(.text)
    I2C2_ER_IRQHandler                       0x0800015f   Thumb Code     0  startup_stm32f10x_hd.o(.text)
    I2C2_EV_IRQHandler                       0x0800015f   Thumb Code     0  startup_stm32f10x_hd.o(.text)
    PVD_IRQHandler                           0x0800015f   Thumb Code     0  startup_stm32f10x_hd.o(.text)
    RCC_IRQHandler                           0x0800015f   Thumb Code     0  startup_stm32f10x_hd.o(.text)
    RTCAlarm_IRQHandler                      0x0800015f   Thumb Code     0  startup_stm32f10x_hd.o(.text)
    RTC_IRQHandler                           0x0800015f   Thumb Code     0  startup_stm32f10x_hd.o(.text)
    SDIO_IRQHandler                          0x0800015f   Thumb Code     0  startup_stm32f10x_hd.o(.text)
    SPI1_IRQHandler                          0x0800015f   Thumb Code     0  startup_stm32f10x_hd.o(.text)
    SPI2_IRQHandler                          0x0800015f   Thumb Code     0  startup_stm32f10x_hd.o(.text)
    SPI3_IRQHandler                          0x0800015f   Thumb Code     0  startup_stm32f10x_hd.o(.text)
    TAMPER_IRQHandler                        0x0800015f   Thumb Code     0  startup_stm32f10x_hd.o(.text)
    TIM1_BRK_IRQHandler                      0x0800015f   Thumb Code     0  startup_stm32f10x_hd.o(.text)
    TIM1_CC_IRQHandler                       0x0800015f   Thumb Code     0  startup_stm32f10x_hd.o(.text)
    TIM1_TRG_COM_IRQHandler                  0x0800015f   Thumb Code     0  startup_stm32f10x_hd.o(.text)
    TIM1_UP_IRQHandler                       0x0800015f   Thumb Code     0  startup_stm32f10x_hd.o(.text)
    TIM2_IRQHandler                          0x0800015f   Thumb Code     0  startup_stm32f10x_hd.o(.text)
    TIM3_IRQHandler                          0x0800015f   Thumb Code     0  startup_stm32f10x_hd.o(.text)
    TIM4_IRQHandler                          0x0800015f   Thumb Code     0  startup_stm32f10x_hd.o(.text)
    TIM5_IRQHandler                          0x0800015f   Thumb Code     0  startup_stm32f10x_hd.o(.text)
    TIM6_IRQHandler                          0x0800015f   Thumb Code     0  startup_stm32f10x_hd.o(.text)
    TIM7_IRQHandler                          0x0800015f   Thumb Code     0  startup_stm32f10x_hd.o(.text)
    TIM8_BRK_IRQHandler                      0x0800015f   Thumb Code     0  startup_stm32f10x_hd.o(.text)
    TIM8_CC_IRQHandler                       0x0800015f   Thumb Code     0  startup_stm32f10x_hd.o(.text)
    TIM8_TRG_COM_IRQHandler                  0x0800015f   Thumb Code     0  startup_stm32f10x_hd.o(.text)
    TIM8_UP_IRQHandler                       0x0800015f   Thumb Code     0  startup_stm32f10x_hd.o(.text)
    UART4_IRQHandler                         0x0800015f   Thumb Code     0  startup_stm32f10x_hd.o(.text)
    UART5_IRQHandler                         0x0800015f   Thumb Code     0  startup_stm32f10x_hd.o(.text)
    USART1_IRQHandler                        0x0800015f   Thumb Code     0  startup_stm32f10x_hd.o(.text)
    USART2_IRQHandler                        0x0800015f   Thumb Code     0  startup_stm32f10x_hd.o(.text)
    USART3_IRQHandler                        0x0800015f   Thumb Code     0  startup_stm32f10x_hd.o(.text)
    USBWakeUp_IRQHandler                     0x0800015f   Thumb Code     0  startup_stm32f10x_hd.o(.text)
    USB_HP_CAN1_TX_IRQHandler                0x0800015f   Thumb Code     0  startup_stm32f10x_hd.o(.text)
    USB_LP_CAN1_RX0_IRQHandler               0x0800015f   Thumb Code     0  startup_stm32f10x_hd.o(.text)
    WWDG_IRQHandler                          0x0800015f   Thumb Code     0  startup_stm32f10x_hd.o(.text)
    inv_init_maxmin                          0x08000169   Thumb Code    78  fast_no_motion.o(.text)
    inv_fast_nomot_parameter                 0x080001b7   Thumb Code   318  fast_no_motion.o(.text)
    inv_fast_nomot_parameter_3rd             0x080002f5   Thumb Code   180  fast_no_motion.o(.text)
    inv_fast_nomot_set_gyro_bias             0x080003a9   Thumb Code   232  fast_no_motion.o(.text)
    inv_set_fast_nomot_compass_threshold     0x08000491   Thumb Code     8  fast_no_motion.o(.text)
    int_set_fast_nomot_gyro_threshold        0x08000499   Thumb Code     8  fast_no_motion.o(.text)
    inv_set_fast_nomot_accel_threshold       0x080004a1   Thumb Code     8  fast_no_motion.o(.text)
    inv_get_fast_nomot_compass_param         0x080004a9   Thumb Code    18  fast_no_motion.o(.text)
    inv_get_fast_nomot_accel_param           0x080004bb   Thumb Code    18  fast_no_motion.o(.text)
    inv_fast_nomot_store_data                0x080004cd   Thumb Code   140  fast_no_motion.o(.text)
    inv_fast_nomot_store_data_compass        0x08000559   Thumb Code    74  fast_no_motion.o(.text)
    inv_fast_nomot_reset_data_compass        0x080005a3   Thumb Code    36  fast_no_motion.o(.text)
    inv_fast_nomot_get_time_elaps            0x080005c7   Thumb Code     8  fast_no_motion.o(.text)
    inv_fast_nomot_parameter_compass         0x080005cf   Thumb Code    22  fast_no_motion.o(.text)
    inv_get_right_shift_by_rounding          0x080005e5   Thumb Code    76  fast_no_motion.o(.text)
    inv_reset_min_max_gyro_accel_statistics  0x08000631   Thumb Code    38  fast_no_motion.o(.text)
    inv_record_max_moment_in_no_motion_gyro  0x08000657   Thumb Code    32  fast_no_motion.o(.text)
    inv_record_max_moment_in_no_motion_accel 0x08000677   Thumb Code    32  fast_no_motion.o(.text)
    inv_record_min_moment_in_motion_gyro     0x08000697   Thumb Code    34  fast_no_motion.o(.text)
    inv_record_min_moment_in_motion_accel    0x080006b9   Thumb Code    34  fast_no_motion.o(.text)
    inv_detect_motion_by_gyro_accel          0x080006db   Thumb Code   214  fast_no_motion.o(.text)
    inv_sensor_data_preprocess               0x080007b1   Thumb Code   132  fast_no_motion.o(.text)
    inv_generate_fast_nomot                  0x08000835   Thumb Code   498  fast_no_motion.o(.text)
    inv_set_default_number_of_samples        0x08000a27   Thumb Code    56  fast_no_motion.o(.text)
    inv_init_fast_nomot                      0x08000a5f   Thumb Code    78  fast_no_motion.o(.text)
    inv_start_fast_nomot                     0x08000aad   Thumb Code    56  fast_no_motion.o(.text)
    inv_stop_fast_nomot                      0x08000ae5   Thumb Code    20  fast_no_motion.o(.text)
    inv_enable_fast_nomot                    0x08000af9   Thumb Code    24  fast_no_motion.o(.text)
    inv_disable_fast_nomot                   0x08000b11   Thumb Code    18  fast_no_motion.o(.text)
    inv_get_fnm_gyro_no_motion_param         0x08000b23   Thumb Code     8  fast_no_motion.o(.text)
    inv_fnm_debug_print                      0x08000b2b   Thumb Code     2  fast_no_motion.o(.text)
    inv_filter_correction_angle              0x08000b5d   Thumb Code   364  fusion_9axis.o(.text)
    inv_perform_9x_fusion                    0x08000cc9   Thumb Code   840  fusion_9axis.o(.text)
    inv_process_9x_sensor_fusion_cb          0x08001011   Thumb Code   120  fusion_9axis.o(.text)
    inv_init_9x_fusion                       0x08001089   Thumb Code    50  fusion_9axis.o(.text)
    inv_9x_fusion_set_mag_fb                 0x080010bb   Thumb Code    10  fusion_9axis.o(.text)
    inv_9x_fusion_enable_jitter_reduction    0x080010c5   Thumb Code    10  fusion_9axis.o(.text)
    inv_9x_fusion_use_timestamps             0x080010cf   Thumb Code    10  fusion_9axis.o(.text)
    inv_start_9x_sensor_fusion               0x080010d9   Thumb Code    14  fusion_9axis.o(.text)
    inv_stop_9x_sensor_fusion                0x080010e7   Thumb Code     8  fusion_9axis.o(.text)
    inv_enable_9x_sensor_fusion              0x080010ef   Thumb Code    30  fusion_9axis.o(.text)
    inv_disable_9x_sensor_fusion             0x0800110d   Thumb Code     8  fusion_9axis.o(.text)
    inv_init_gyro_ts                         0x08001533   Thumb Code    46  gyro_tc.o(.text)
    inv_set_gtc_max_temp                     0x08001561   Thumb Code    10  gyro_tc.o(.text)
    inv_set_gtc_min_temp                     0x0800156b   Thumb Code    10  gyro_tc.o(.text)
    inv_set_gtc_min_diff                     0x08001575   Thumb Code    10  gyro_tc.o(.text)
    inv_get_gyro_ts                          0x0800157f   Thumb Code    30  gyro_tc.o(.text)
    inv_set_gyro_ts                          0x0800159d   Thumb Code    16  gyro_tc.o(.text)
    inv_set_gtc_order                        0x080015ad   Thumb Code    16  gyro_tc.o(.text)
    inv_print_gtc_data                       0x080015bd   Thumb Code    62  gyro_tc.o(.text)
    inv_start_gyro_tc                        0x080015fb   Thumb Code    10  gyro_tc.o(.text)
    inv_stop_gyro_tc                         0x08001605   Thumb Code     6  gyro_tc.o(.text)
    inv_enable_gyro_tc                       0x0800160b   Thumb Code    48  gyro_tc.o(.text)
    inv_disable_gyro_tc                      0x0800163b   Thumb Code    40  gyro_tc.o(.text)
    inv_generate_gyro_quaternion             0x08001a05   Thumb Code   260  quaternion_supervisor.o(.text)
    inv_set_quaternion                       0x08001cf7   Thumb Code    38  quaternion_supervisor.o(.text)
    inv_generate_accel_gyro_quaternion       0x08001d1d   Thumb Code   428  quaternion_supervisor.o(.text)
    inv_stop_quaternion                      0x08001f11   Thumb Code     6  quaternion_supervisor.o(.text)
    inv_init_quaternion                      0x08001f17   Thumb Code    34  quaternion_supervisor.o(.text)
    inv_start_quaternion                     0x08001f39   Thumb Code    34  quaternion_supervisor.o(.text)
    inv_enable_quaternion                    0x08001f5b   Thumb Code    24  quaternion_supervisor.o(.text)
    inv_disable_quaternion                   0x08001f73   Thumb Code    20  quaternion_supervisor.o(.text)
    inv_set_magnetic_disturbance             0x08001fb5   Thumb Code    16  mag_disturb.o(.text)
    inv_init_magnetic_disturbance            0x08001fc5   Thumb Code    50  mag_disturb.o(.text)
    MagDisturbSetDisturbance                 0x08001ff7   Thumb Code    98  mag_disturb.o(.text)
    MagDisturbCheckSettling                  0x08002059   Thumb Code    54  mag_disturb.o(.text)
    ComputeAngleVelocity                     0x0800208f   Thumb Code    94  mag_disturb.o(.text)
    inv_disable_dip_tracking                 0x080020ed   Thumb Code    10  mag_disturb.o(.text)
    Mag3ofNormalizedLong                     0x080020f7   Thumb Code    72  mag_disturb.o(.text)
    inv_track_dip_angle                      0x0800213f   Thumb Code   114  mag_disturb.o(.text)
    inv_check_magnetic_disturbance           0x080021b1   Thumb Code   690  mag_disturb.o(.text)
    inv_magnetic_disturbance_process         0x08002463   Thumb Code    50  mag_disturb.o(.text)
    inv_start_magnetic_disturbance           0x08002495   Thumb Code    14  mag_disturb.o(.text)
    inv_stop_magnetic_disturbance            0x080024a3   Thumb Code     8  mag_disturb.o(.text)
    inv_enable_magnetic_disturbance          0x080024ab   Thumb Code    40  mag_disturb.o(.text)
    inv_disable_magnetic_disturbance         0x080024d3   Thumb Code    22  mag_disturb.o(.text)
    inv_enable_dip_tracking                  0x080024e9   Thumb Code    14  mag_disturb.o(.text)
    inv_get_magnetic_disturbance_state       0x080024f7   Thumb Code     8  mag_disturb.o(.text)
    __aeabi_ldivmod                          0x08002505   Thumb Code    98  ldiv.o(.text)
    __aeabi_llsl                             0x08002567   Thumb Code    30  llshl.o(.text)
    _ll_shift_l                              0x08002567   Thumb Code     0  llshl.o(.text)
    __aeabi_lasr                             0x08002585   Thumb Code    36  llsshr.o(.text)
    _ll_sshift_r                             0x08002585   Thumb Code     0  llsshr.o(.text)
    rand                                     0x080025a9   Thumb Code    20  rand.o(.text)
    srand                                    0x080025bd   Thumb Code     6  rand.o(.text)
    ___aeabi_memcpy8$move                    0x080025cd   Thumb Code     0  memmovea.o(.text)
    __aeabi_memcpy                           0x080025cd   Thumb Code    64  memmovea.o(.text)
    __aeabi_memcpy4                          0x080025cd   Thumb Code     0  memmovea.o(.text)
    __aeabi_memmove                          0x080025cd   Thumb Code     0  memmovea.o(.text)
    __aeabi_memmove4                         0x080025cd   Thumb Code     0  memmovea.o(.text)
    __aeabi_memmove8                         0x080025cd   Thumb Code     0  memmovea.o(.text)
    __aeabi_memset                           0x0800260d   Thumb Code    14  memseta.o(.text)
    __aeabi_memset4                          0x0800260d   Thumb Code     0  memseta.o(.text)
    __aeabi_memset8                          0x0800260d   Thumb Code     0  memseta.o(.text)
    __aeabi_memclr                           0x0800261b   Thumb Code     4  memseta.o(.text)
    __aeabi_memclr4                          0x0800261b   Thumb Code     0  memseta.o(.text)
    __aeabi_memclr8                          0x0800261b   Thumb Code     0  memseta.o(.text)
    _memset$wrapper                          0x0800261f   Thumb Code    18  memseta.o(.text)
    memcmp                                   0x08002631   Thumb Code    26  memcmp.o(.text)
    __aeabi_fadd                             0x0800264b   Thumb Code   164  fadd.o(.text)
    __aeabi_fsub                             0x080026ef   Thumb Code     6  fadd.o(.text)
    __aeabi_frsub                            0x080026f5   Thumb Code     6  fadd.o(.text)
    __aeabi_fmul                             0x080026fb   Thumb Code   100  fmul.o(.text)
    __aeabi_fdiv                             0x0800275f   Thumb Code   124  fdiv.o(.text)
    __ARM_scalbnf                            0x080027db   Thumb Code    24  fscalb.o(.text)
    scalbnf                                  0x080027db   Thumb Code     0  fscalb.o(.text)
    __aeabi_dadd                             0x080027f3   Thumb Code   322  dadd.o(.text)
    __aeabi_dsub                             0x08002935   Thumb Code     6  dadd.o(.text)
    __aeabi_drsub                            0x0800293b   Thumb Code     6  dadd.o(.text)
    __aeabi_dmul                             0x08002941   Thumb Code   228  dmul.o(.text)
    __aeabi_ddiv                             0x08002a25   Thumb Code   222  ddiv.o(.text)
    __ARM_scalbn                             0x08002b03   Thumb Code    46  dscalb.o(.text)
    scalbn                                   0x08002b03   Thumb Code     0  dscalb.o(.text)
    __aeabi_i2f                              0x08002b31   Thumb Code    18  fflti.o(.text)
    __aeabi_ui2f                             0x08002b43   Thumb Code    10  ffltui.o(.text)
    __aeabi_l2f                              0x08002b4d   Thumb Code    44  ffltl.o(.text)
    __aeabi_i2d                              0x08002b79   Thumb Code    34  dflti.o(.text)
    __aeabi_f2iz                             0x08002b9b   Thumb Code    50  ffixi.o(.text)
    __aeabi_f2uiz                            0x08002bcd   Thumb Code    40  ffixui.o(.text)
    __aeabi_f2lz                             0x08002bf5   Thumb Code    66  ffixl.o(.text)
    __aeabi_d2iz                             0x08002c37   Thumb Code    62  dfixi.o(.text)
    __aeabi_f2d                              0x08002c75   Thumb Code    38  f2d.o(.text)
    __aeabi_cdcmpeq                          0x08002c9d   Thumb Code     0  cdcmple.o(.text)
    __aeabi_cdcmple                          0x08002c9d   Thumb Code    48  cdcmple.o(.text)
    __aeabi_cdrcmple                         0x08002ccd   Thumb Code    48  cdrcmple.o(.text)
    __aeabi_d2f                              0x08002cfd   Thumb Code    56  d2f.o(.text)
    __aeabi_cfcmpeq                          0x08002d35   Thumb Code     0  cfcmple.o(.text)
    __aeabi_cfcmple                          0x08002d35   Thumb Code    20  cfcmple.o(.text)
    __aeabi_cfrcmple                         0x08002d49   Thumb Code    20  cfrcmple.o(.text)
    __aeabi_uidiv                            0x08002d5d   Thumb Code     0  uidiv.o(.text)
    __aeabi_uidivmod                         0x08002d5d   Thumb Code    44  uidiv.o(.text)
    __aeabi_uldivmod                         0x08002d89   Thumb Code    98  uldiv.o(.text)
    __aeabi_llsr                             0x08002deb   Thumb Code    32  llushr.o(.text)
    _ll_ushift_r                             0x08002deb   Thumb Code     0  llushr.o(.text)
    __I$use$fp                               0x08002e0b   Thumb Code     0  iusefp.o(.text)
    _float_round                             0x08002e0b   Thumb Code    18  fepilogue.o(.text)
    _float_epilogue                          0x08002e1d   Thumb Code    92  fepilogue.o(.text)
    _fsqrt                                   0x08002e79   Thumb Code    94  fsqrt.o(.text)
    _frnd                                    0x08002ed7   Thumb Code    60  frnd.o(.text)
    _double_round                            0x08002f13   Thumb Code    30  depilogue.o(.text)
    _double_epilogue                         0x08002f31   Thumb Code   156  depilogue.o(.text)
    __aeabi_d2ulz                            0x08002fcd   Thumb Code    48  dfixul.o(.text)
    __scatterload                            0x08002ffd   Thumb Code    28  init.o(.text)
    __scatterload_rt2                        0x08002ffd   Thumb Code     0  init.o(.text)
    __decompress                             0x08003021   Thumb Code     0  __dczerorl2.o(.text)
    __decompress1                            0x08003021   Thumb Code    86  __dczerorl2.o(.text)
    BusFault_Handler                         0x08003077   Thumb Code     4  stm32f10x_it.o(i.BusFault_Handler)
    DebugMon_Handler                         0x0800307b   Thumb Code     2  stm32f10x_it.o(i.DebugMon_Handler)
    EXTI15_10_IRQHandler                     0x0800307d   Thumb Code    26  stm32f10x_it.o(i.EXTI15_10_IRQHandler)
    EXTI_ClearITPendingBit                   0x08003099   Thumb Code     6  stm32f10x_exti.o(i.EXTI_ClearITPendingBit)
    EXTI_GetITStatus                         0x080030a5   Thumb Code    34  stm32f10x_exti.o(i.EXTI_GetITStatus)
    EXTI_Init                                0x080030cd   Thumb Code   142  stm32f10x_exti.o(i.EXTI_Init)
    EXTI_Pxy_Config                          0x08003161   Thumb Code    76  bsp_exti.o(i.EXTI_Pxy_Config)
    FSMC_NORSRAMCmd                          0x080031b1   Thumb Code    46  stm32f10x_fsmc.o(i.FSMC_NORSRAMCmd)
    FSMC_NORSRAMInit                         0x080031e5   Thumb Code   230  stm32f10x_fsmc.o(i.FSMC_NORSRAMInit)
    GPIO_EXTILineConfig                      0x080032cd   Thumb Code    60  stm32f10x_gpio.o(i.GPIO_EXTILineConfig)
    GPIO_Init                                0x0800330d   Thumb Code   278  stm32f10x_gpio.o(i.GPIO_Init)
    GPIO_ReadInputDataBit                    0x08003423   Thumb Code    18  stm32f10x_gpio.o(i.GPIO_ReadInputDataBit)
    GPIO_ResetBits                           0x08003435   Thumb Code     4  stm32f10x_gpio.o(i.GPIO_ResetBits)
    GPIO_SetBits                             0x08003439   Thumb Code     4  stm32f10x_gpio.o(i.GPIO_SetBits)
    Get_I2C_Retry                            0x0800343d   Thumb Code     6  bsp_i2c.o(i.Get_I2C_Retry)
    HardFault_Handler                        0x08003449   Thumb Code     4  stm32f10x_it.o(i.HardFault_Handler)
    I2C_Bus_Init                             0x0800344d   Thumb Code    18  bsp_i2c.o(i.I2C_Bus_Init)
    ILI9341_BackLed_Control                  0x08003461   Thumb Code    30  bsp_ili9341_lcd.o(i.ILI9341_BackLed_Control)
    ILI9341_Clear                            0x08003485   Thumb Code    40  bsp_ili9341_lcd.o(i.ILI9341_Clear)
    ILI9341_DrawCircle                       0x080034c3   Thumb Code   312  bsp_ili9341_lcd.o(i.ILI9341_DrawCircle)
    ILI9341_Draw_Rec_Color                   0x080035fb   Thumb Code    66  bsp_ili9341_lcd.o(i.ILI9341_Draw_Rec_Color)
    ILI9341_GetPointPixel                    0x08003855   Thumb Code    24  bsp_ili9341_lcd.o(i.ILI9341_GetPointPixel)
    ILI9341_GramScan                         0x0800386d   Thumb Code   172  bsp_ili9341_lcd.o(i.ILI9341_GramScan)
    ILI9341_Init                             0x08003925   Thumb Code    34  bsp_ili9341_lcd.o(i.ILI9341_Init)
    ILI9341_OpenWindow                       0x0800394d   Thumb Code    96  bsp_ili9341_lcd.o(i.ILI9341_OpenWindow)
    ILI9341_Rst                              0x08003c21   Thumb Code    36  bsp_ili9341_lcd.o(i.ILI9341_Rst)
    ILI9341_SetPointPixel                    0x08003c5d   Thumb Code    42  bsp_ili9341_lcd.o(i.ILI9341_SetPointPixel)
    Key_GPIO_Config                          0x08003ca9   Thumb Code    54  bsp_key.o(i.Key_GPIO_Config)
    Key_Scan                                 0x08003ce9   Thumb Code    40  bsp_key.o(i.Key_Scan)
    LCD_SetColors                            0x08003d11   Thumb Code    10  bsp_ili9341_lcd.o(i.LCD_SetColors)
    LCD_SetFont                              0x08003d25   Thumb Code     6  bsp_ili9341_lcd.o(i.LCD_SetFont)
    LED_GPIO_Config                          0x08003d31   Thumb Code    90  bsp_led.o(i.LED_GPIO_Config)
    MemManage_Handler                        0x08003d91   Thumb Code     4  stm32f10x_it.o(i.MemManage_Handler)
    NMI_Handler                              0x08003d95   Thumb Code     2  stm32f10x_it.o(i.NMI_Handler)
    NVIC_Init                                0x08003dc1   Thumb Code   100  misc.o(i.NVIC_Init)
    NVIC_PriorityGroupConfig                 0x08003e31   Thumb Code    10  misc.o(i.NVIC_PriorityGroupConfig)
    PendSV_Handler                           0x08003e45   Thumb Code     2  stm32f10x_it.o(i.PendSV_Handler)
    RCC_AHBPeriphClockCmd                    0x08003e49   Thumb Code    26  stm32f10x_rcc.o(i.RCC_AHBPeriphClockCmd)
    RCC_APB2PeriphClockCmd                   0x08003e69   Thumb Code    26  stm32f10x_rcc.o(i.RCC_APB2PeriphClockCmd)
    RCC_GetClocksFreq                        0x08003e89   Thumb Code   192  stm32f10x_rcc.o(i.RCC_GetClocksFreq)
    SVC_Handler                              0x08003f5d   Thumb Code     2  stm32f10x_it.o(i.SVC_Handler)
    Sensors_I2C_ReadRegister                 0x08003f5f   Thumb Code    76  bsp_i2c.o(i.Sensors_I2C_ReadRegister)
    Sensors_I2C_WriteRegister                0x08003fab   Thumb Code    76  bsp_i2c.o(i.Sensors_I2C_WriteRegister)
    Set_I2C_Retry                            0x080040e1   Thumb Code     6  bsp_i2c.o(i.Set_I2C_Retry)
    Soft_I2C_Wait_Ack                        0x0800441d   Thumb Code    74  bsp_i2c.o(i.Soft_I2C_Wait_Ack)
    SysTick_Handler                          0x0800446d   Thumb Code    46  stm32f10x_it.o(i.SysTick_Handler)
    SysTick_Init                             0x080044a1   Thumb Code   108  bsp_systick.o(i.SysTick_Init)
    SystemInit                               0x08004519   Thumb Code    78  system_stm32f10x.o(i.SystemInit)
    TimeStamp_Increment                      0x08004579   Thumb Code    12  bsp_systick.o(i.TimeStamp_Increment)
    TimingDelay_Decrement                    0x08004589   Thumb Code    18  bsp_systick.o(i.TimingDelay_Decrement)
    USART_ClearFlag                          0x080045a1   Thumb Code    18  stm32f10x_usart.o(i.USART_ClearFlag)
    USART_Cmd                                0x080045b3   Thumb Code    24  stm32f10x_usart.o(i.USART_Cmd)
    USART_Config                             0x080045cd   Thumb Code   120  bsp_usart.o(i.USART_Config)
    USART_GetFlagStatus                      0x0800464d   Thumb Code    26  stm32f10x_usart.o(i.USART_GetFlagStatus)
    USART_Init                               0x08004669   Thumb Code   210  stm32f10x_usart.o(i.USART_Init)
    USART_SendData                           0x08004741   Thumb Code     8  stm32f10x_usart.o(i.USART_SendData)
    UsageFault_Handler                       0x08004749   Thumb Code     4  stm32f10x_it.o(i.UsageFault_Handler)
    _MLPrintLog                              0x0800474d   Thumb Code   200  log_stm32.o(i._MLPrintLog)
    __0printf                                0x08004815   Thumb Code    22  printfa.o(i.__0printf)
    __1printf                                0x08004815   Thumb Code     0  printfa.o(i.__0printf)
    __2printf                                0x08004815   Thumb Code     0  printfa.o(i.__0printf)
    __c89printf                              0x08004815   Thumb Code     0  printfa.o(i.__0printf)
    printf                                   0x08004815   Thumb Code     0  printfa.o(i.__0printf)
    __0vsprintf                              0x08004835   Thumb Code    30  printfa.o(i.__0vsprintf)
    __1vsprintf                              0x08004835   Thumb Code     0  printfa.o(i.__0vsprintf)
    __2vsprintf                              0x08004835   Thumb Code     0  printfa.o(i.__0vsprintf)
    __c89vsprintf                            0x08004835   Thumb Code     0  printfa.o(i.__0vsprintf)
    vsprintf                                 0x08004835   Thumb Code     0  printfa.o(i.__0vsprintf)
    __ARM_fpclassifyf                        0x08004859   Thumb Code    38  fpclassifyf.o(i.__ARM_fpclassifyf)
    __mathlib_flt_infnan                     0x0800487f   Thumb Code     6  funder.o(i.__mathlib_flt_infnan)
    __mathlib_flt_infnan2                    0x08004885   Thumb Code     4  funder.o(i.__mathlib_flt_infnan2)
    __mathlib_flt_invalid                    0x08004889   Thumb Code     8  funder.o(i.__mathlib_flt_invalid)
    __mathlib_flt_underflow                  0x08004891   Thumb Code    10  funder.o(i.__mathlib_flt_underflow)
    __mathlib_rredf2                         0x0800489d   Thumb Code   344  rredf.o(i.__mathlib_rredf2)
    __scatterload_copy                       0x08004a39   Thumb Code    14  handlers.o(i.__scatterload_copy)
    __scatterload_null                       0x08004a47   Thumb Code     2  handlers.o(i.__scatterload_null)
    __scatterload_zeroinit                   0x08004a49   Thumb Code    14  handlers.o(i.__scatterload_zeroinit)
    __set_errno                              0x08004a59   Thumb Code     6  errno.o(i.__set_errno)
    acosf                                    0x08005321   Thumb Code   242  acosf.o(i.acosf)
    atan2f                                   0x080054cd   Thumb Code   528  atan2f.o(i.atan2f)
    cosf                                     0x08005729   Thumb Code   328  cosf.o(i.cosf)
    dmp_enable_6x_lp_quat                    0x08005909   Thumb Code    60  inv_mpu_dmp_motion_driver.o(i.dmp_enable_6x_lp_quat)
    dmp_enable_feature                       0x08005945   Thumb Code   530  inv_mpu_dmp_motion_driver.o(i.dmp_enable_feature)
    dmp_enable_gyro_cal                      0x08005b61   Thumb Code    62  inv_mpu_dmp_motion_driver.o(i.dmp_enable_gyro_cal)
    dmp_enable_lp_quat                       0x08005bb9   Thumb Code    60  inv_mpu_dmp_motion_driver.o(i.dmp_enable_lp_quat)
    dmp_load_motion_driver_firmware          0x08005bf5   Thumb Code    20  inv_mpu_dmp_motion_driver.o(i.dmp_load_motion_driver_firmware)
    dmp_read_fifo                            0x08005c0d   Thumb Code   456  inv_mpu_dmp_motion_driver.o(i.dmp_read_fifo)
    dmp_register_android_orient_cb           0x08005dd9   Thumb Code    10  inv_mpu_dmp_motion_driver.o(i.dmp_register_android_orient_cb)
    dmp_register_tap_cb                      0x08005de9   Thumb Code    10  inv_mpu_dmp_motion_driver.o(i.dmp_register_tap_cb)
    dmp_set_fifo_rate                        0x08005df9   Thumb Code    96  inv_mpu_dmp_motion_driver.o(i.dmp_set_fifo_rate)
    dmp_set_orientation                      0x08005e69   Thumb Code   290  inv_mpu_dmp_motion_driver.o(i.dmp_set_orientation)
    dmp_set_shake_reject_thresh              0x08005fa1   Thumb Code    56  inv_mpu_dmp_motion_driver.o(i.dmp_set_shake_reject_thresh)
    dmp_set_shake_reject_time                0x08005fd9   Thumb Code    38  inv_mpu_dmp_motion_driver.o(i.dmp_set_shake_reject_time)
    dmp_set_shake_reject_timeout             0x08005fff   Thumb Code    38  inv_mpu_dmp_motion_driver.o(i.dmp_set_shake_reject_timeout)
    dmp_set_tap_axes                         0x08006025   Thumb Code    70  inv_mpu_dmp_motion_driver.o(i.dmp_set_tap_axes)
    dmp_set_tap_count                        0x0800606b   Thumb Code    38  inv_mpu_dmp_motion_driver.o(i.dmp_set_tap_count)
    dmp_set_tap_thresh                       0x08006091   Thumb Code   396  inv_mpu_dmp_motion_driver.o(i.dmp_set_tap_thresh)
    dmp_set_tap_time                         0x08006231   Thumb Code    38  inv_mpu_dmp_motion_driver.o(i.dmp_set_tap_time)
    dmp_set_tap_time_multi                   0x08006257   Thumb Code    38  inv_mpu_dmp_motion_driver.o(i.dmp_set_tap_time_multi)
    draw_map                                 0x0800627d   Thumb Code   232  main.o(i.draw_map)
    fputc                                    0x08006371   Thumb Code    32  bsp_usart.o(i.fputc)
    fputcc                                   0x08006395   Thumb Code    30  log_stm32.o(i.fputcc)
    get_tick_count                           0x080063b9   Thumb Code    12  bsp_systick.o(i.get_tick_count)
    getfa                                    0x080063c9   Thumb Code    36  main.o(i.getfa)
    gyro_data_ready_cb                       0x080063f1   Thumb Code     8  main.o(i.gyro_data_ready_cb)
    inv_accel_was_turned_off                 0x080063fd   Thumb Code     8  data_builder.o(i.inv_accel_was_turned_off)
    inv_apply_calibration                    0x08006409   Thumb Code   106  data_builder.o(i.inv_apply_calibration)
    inv_build_accel                          0x08006475   Thumb Code   128  data_builder.o(i.inv_build_accel)
    inv_build_gyro                           0x08006501   Thumb Code    46  data_builder.o(i.inv_build_gyro)
    inv_build_quat                           0x08006539   Thumb Code    56  data_builder.o(i.inv_build_quat)
    inv_build_temp                           0x08006579   Thumb Code    38  data_builder.o(i.inv_build_temp)
    inv_compass_angle                        0x080065a5   Thumb Code   162  ml_math_func.o(i.inv_compass_angle)
    inv_compass_was_turned_off               0x08006649   Thumb Code    10  data_builder.o(i.inv_compass_was_turned_off)
    inv_convert_to_body_with_scale           0x08006659   Thumb Code   114  ml_math_func.o(i.inv_convert_to_body_with_scale)
    inv_disable_compass_soft_iron_matrix     0x08006735   Thumb Code    10  data_builder.o(i.inv_disable_compass_soft_iron_matrix)
    inv_enable_eMPL_outputs                  0x08006745   Thumb Code    22  empl_outputs.o(i.inv_enable_eMPL_outputs)
    inv_enable_results_holder                0x08006761   Thumb Code    26  results_holder.o(i.inv_enable_results_holder)
    inv_execute_mpl_start_notification       0x08006781   Thumb Code    40  start_manager.o(i.inv_execute_mpl_start_notification)
    inv_execute_on_data                      0x080067ad   Thumb Code   152  data_builder.o(i.inv_execute_on_data)
    inv_generate_results                     0x0800693d   Thumb Code    12  results_holder.o(i.inv_generate_results)
    inv_get_6axis_quaternion                 0x0800694d   Thumb Code    18  results_holder.o(i.inv_get_6axis_quaternion)
    inv_get_acc_state                        0x08006965   Thumb Code     6  results_holder.o(i.inv_get_acc_state)
    inv_get_accel_accuracy                   0x08006971   Thumb Code     6  data_builder.o(i.inv_get_accel_accuracy)
    inv_get_accel_on                         0x0800697d   Thumb Code    12  data_builder.o(i.inv_get_accel_on)
    inv_get_accel_set                        0x0800698d   Thumb Code    40  data_builder.o(i.inv_get_accel_set)
    inv_get_compass_correction               0x080069b9   Thumb Code    20  results_holder.o(i.inv_get_compass_correction)
    inv_get_compass_on                       0x080069d1   Thumb Code    12  data_builder.o(i.inv_get_compass_on)
    inv_get_gravity                          0x080069e1   Thumb Code    90  results_holder.o(i.inv_get_gravity)
    inv_get_gyro                             0x08006a41   Thumb Code    12  data_builder.o(i.inv_get_gyro)
    inv_get_gyro_accuracy                    0x08006a51   Thumb Code     6  data_builder.o(i.inv_get_gyro_accuracy)
    inv_get_gyro_bias                        0x08006a5d   Thumb Code    32  data_builder.o(i.inv_get_gyro_bias)
    inv_get_gyro_bias_tc_set                 0x08006a81   Thumb Code    26  data_builder.o(i.inv_get_gyro_bias_tc_set)
    inv_get_gyro_on                          0x08006aa1   Thumb Code    10  data_builder.o(i.inv_get_gyro_on)
    inv_get_gyro_sum_of_sqr                  0x08006ab1   Thumb Code    28  ml_math_func.o(i.inv_get_gyro_sum_of_sqr)
    inv_get_last_timestamp                   0x08006acd   Thumb Code    98  data_builder.o(i.inv_get_last_timestamp)
    inv_get_linear_accel                     0x08006b35   Thumb Code    60  results_holder.o(i.inv_get_linear_accel)
    inv_get_local_field                      0x08006b71   Thumb Code    12  results_holder.o(i.inv_get_local_field)
    inv_get_mag_accuracy                     0x08006b81   Thumb Code    20  data_builder.o(i.inv_get_mag_accuracy)
    inv_get_motion_state                     0x08006b9d   Thumb Code    16  results_holder.o(i.inv_get_motion_state)
    inv_get_quaternion                       0x08006bb1   Thumb Code    54  results_holder.o(i.inv_get_quaternion)
    inv_get_quaternion_set                   0x08006bed   Thumb Code    68  results_holder.o(i.inv_get_quaternion_set)
    inv_get_sensor_type_euler                0x08006c31   Thumb Code   536  empl_outputs.o(i.inv_get_sensor_type_euler)
    inv_got_compass_bias                     0x08006e61   Thumb Code     6  results_holder.o(i.inv_got_compass_bias)
    inv_gyro_was_turned_off                  0x08006e6d   Thumb Code     8  data_builder.o(i.inv_gyro_was_turned_off)
    inv_init_data_builder                    0x08006e79   Thumb Code    42  data_builder.o(i.inv_init_data_builder)
    inv_init_mpl                             0x08006ec9   Thumb Code   106  mpl.o(i.inv_init_mpl)
    inv_init_results_holder                  0x08006f55   Thumb Code    46  results_holder.o(i.inv_init_results_holder)
    inv_init_start_manager                   0x08006f8d   Thumb Code    14  start_manager.o(i.inv_init_start_manager)
    inv_init_storage_manager                 0x08006fa1   Thumb Code    20  storage_manager.o(i.inv_init_storage_manager)
    inv_orientation_matrix_to_scalar         0x08006fb9   Thumb Code    40  ml_math_func.o(i.inv_orientation_matrix_to_scalar)
    inv_q29_mult                             0x08006fe1   Thumb Code    18  ml_math_func.o(i.inv_q29_mult)
    inv_q30_mult                             0x08006ff3   Thumb Code    18  ml_math_func.o(i.inv_q30_mult)
    inv_q_add                                0x0800701b   Thumb Code    36  ml_math_func.o(i.inv_q_add)
    inv_q_addf                               0x0800703f   Thumb Code    50  ml_math_func.o(i.inv_q_addf)
    inv_q_invert                             0x08007071   Thumb Code    24  ml_math_func.o(i.inv_q_invert)
    inv_q_invertf                            0x08007089   Thumb Code    30  ml_math_func.o(i.inv_q_invertf)
    inv_q_mult                               0x080070a7   Thumb Code   178  ml_math_func.o(i.inv_q_mult)
    inv_q_multf                              0x08007159   Thumb Code   270  ml_math_func.o(i.inv_q_multf)
    inv_q_norm4                              0x08007267   Thumb Code   146  ml_math_func.o(i.inv_q_norm4)
    inv_q_normalizef                         0x080072f9   Thumb Code   366  ml_math_func.o(i.inv_q_normalizef)
    inv_q_rotate                             0x08007467   Thumb Code    66  ml_math_func.o(i.inv_q_rotate)
    inv_quaternion_sensor_was_turned_off     0x080074a9   Thumb Code    10  data_builder.o(i.inv_quaternion_sensor_was_turned_off)
    inv_quaternion_to_rotation               0x080074b9   Thumb Code   218  ml_math_func.o(i.inv_quaternion_to_rotation)
    inv_register_data_cb                     0x08007595   Thumb Code   234  data_builder.o(i.inv_register_data_cb)
    inv_register_load_store                  0x0800768d   Thumb Code   138  storage_manager.o(i.inv_register_load_store)
    inv_register_mpl_start_notification      0x0800771d   Thumb Code    38  start_manager.o(i.inv_register_mpl_start_notification)
    inv_reset_compass_soft_iron_matrix       0x08007749   Thumb Code    70  data_builder.o(i.inv_reset_compass_soft_iron_matrix)
    inv_set_accel_orientation_and_scale      0x080077e5   Thumb Code    18  data_builder.o(i.inv_set_accel_orientation_and_scale)
    inv_set_accel_sample_rate                0x080077fd   Thumb Code    36  data_builder.o(i.inv_set_accel_sample_rate)
    inv_set_compass_bias_found               0x08007829   Thumb Code     6  results_holder.o(i.inv_set_compass_bias_found)
    inv_set_compass_correction               0x08007835   Thumb Code    30  results_holder.o(i.inv_set_compass_correction)
    inv_set_compass_disturbance              0x08007859   Thumb Code     8  data_builder.o(i.inv_set_compass_disturbance)
    inv_set_gyro_bias                        0x08007985   Thumb Code   102  data_builder.o(i.inv_set_gyro_bias)
    inv_set_gyro_orientation_and_scale       0x080079f9   Thumb Code    18  data_builder.o(i.inv_set_gyro_orientation_and_scale)
    inv_set_gyro_sample_rate                 0x08007a11   Thumb Code    32  data_builder.o(i.inv_set_gyro_sample_rate)
    inv_set_message                          0x08007a39   Thumb Code    24  message_layer.o(i.inv_set_message)
    inv_set_motion_state                     0x08007a55   Thumb Code    74  results_holder.o(i.inv_set_motion_state)
    inv_start_mpl                            0x08007ab9   Thumb Code    38  mpl.o(i.inv_start_mpl)
    inv_start_results_holder                 0x08007b01   Thumb Code    18  results_holder.o(i.inv_start_results_holder)
    inv_store_gaming_quaternion              0x08007b19   Thumb Code    30  results_holder.o(i.inv_store_gaming_quaternion)
    inv_unregister_data_cb                   0x08007b3d   Thumb Code    96  data_builder.o(i.inv_unregister_data_cb)
    inv_unregister_mpl_start_notification    0x08007ba1   Thumb Code    92  start_manager.o(i.inv_unregister_mpl_start_notification)
    main                                     0x08007c01   Thumb Code   984  main.o(i.main)
    maze_init                                0x0800808d   Thumb Code   644  main.o(i.maze_init)
    mdelay                                   0x08008321   Thumb Code    16  bsp_systick.o(i.mdelay)
    move                                     0x08008335   Thumb Code   218  main.o(i.move)
    mpu_configure_fifo                       0x0800842d   Thumb Code   106  inv_mpu.o(i.mpu_configure_fifo)
    mpu_get_accel_fsr                        0x0800849d   Thumb Code    72  inv_mpu.o(i.mpu_get_accel_fsr)
    mpu_get_accel_reg                        0x080084e9   Thumb Code   110  inv_mpu.o(i.mpu_get_accel_reg)
    mpu_get_fifo_config                      0x0800855d   Thumb Code    12  inv_mpu.o(i.mpu_get_fifo_config)
    mpu_get_gyro_fsr                         0x0800856d   Thumb Code    64  inv_mpu.o(i.mpu_get_gyro_fsr)
    mpu_get_lpf                              0x080085b1   Thumb Code    74  inv_mpu.o(i.mpu_get_lpf)
    mpu_get_sample_rate                      0x08008601   Thumb Code    26  inv_mpu.o(i.mpu_get_sample_rate)
    mpu_get_temperature                      0x08008621   Thumb Code   150  inv_mpu.o(i.mpu_get_temperature)
    mpu_init                                 0x080086c1   Thumb Code   248  inv_mpu.o(i.mpu_init)
    mpu_load_firmware                        0x080087bd   Thumb Code   180  inv_mpu.o(i.mpu_load_firmware)
    mpu_lp_accel_mode                        0x08008875   Thumb Code   218  inv_mpu.o(i.mpu_lp_accel_mode)
    mpu_lp_motion_interrupt                  0x08008955   Thumb Code   230  inv_mpu.o(i.mpu_lp_motion_interrupt)
    mpu_read_fifo                            0x08008a41   Thumb Code   500  inv_mpu.o(i.mpu_read_fifo)
    mpu_read_fifo_stream                     0x08008c39   Thumb Code   186  inv_mpu.o(i.mpu_read_fifo_stream)
    mpu_read_mem                             0x08008cf9   Thumb Code   122  inv_mpu.o(i.mpu_read_mem)
    mpu_reset_fifo                           0x08008d79   Thumb Code   450  inv_mpu.o(i.mpu_reset_fifo)
    mpu_set_accel_fsr                        0x08008f41   Thumb Code   126  inv_mpu.o(i.mpu_set_accel_fsr)
    mpu_set_bypass                           0x08008fc5   Thumb Code   328  inv_mpu.o(i.mpu_set_bypass)
    mpu_set_dmp_state                        0x08009111   Thumb Code   138  inv_mpu.o(i.mpu_set_dmp_state)
    mpu_set_gyro_fsr                         0x080091a1   Thumb Code   132  inv_mpu.o(i.mpu_set_gyro_fsr)
    mpu_set_int_latched                      0x08009229   Thumb Code   102  inv_mpu.o(i.mpu_set_int_latched)
    mpu_set_lpf                              0x08009295   Thumb Code   126  inv_mpu.o(i.mpu_set_lpf)
    mpu_set_sample_rate                      0x08009319   Thumb Code   152  inv_mpu.o(i.mpu_set_sample_rate)
    mpu_set_sensors                          0x080093b5   Thumb Code   202  inv_mpu.o(i.mpu_set_sensors)
    mpu_write_mem                            0x08009485   Thumb Code   122  inv_mpu.o(i.mpu_write_mem)
    set_sensor_orientation_and_scale         0x08009741   Thumb Code     6  data_builder.o(i.set_sensor_orientation_and_scale)
    show_dir                                 0x08009749   Thumb Code    98  main.o(i.show_dir)
    sinf                                     0x080097b5   Thumb Code   338  sinf.o(i.sinf)
    sqrtf                                    0x0800993d   Thumb Code    44  sqrtf.o(i.sqrtf)
    ASCII8x16_Table                          0x08009a18   Data        1520  fonts.o(.constdata)
    ASCII16x24_Table                         0x0800a008   Data        4560  fonts.o(.constdata)
    ASCII24x32_Table                         0x0800b1d8   Data        9120  fonts.o(.constdata)
    reg                                      0x0800d578   Data          30  inv_mpu.o(.constdata)
    hw                                       0x0800d596   Data          12  inv_mpu.o(.constdata)
    test                                     0x0800d5a4   Data          40  inv_mpu.o(.constdata)
    ml_ver                                   0x0800e1c2   Data          20  mpl.o(.constdata)
    Region$$Table$$Base                      0x0800e264   Number         0  anon$$obj.o(Region$$Table)
    Region$$Table$$Limit                     0x0800e284   Number         0  anon$$obj.o(Region$$Table)
    cnt_e                                    0x20000000   Data           4  main.o(.data)
    now_x                                    0x20000004   Data           4  main.o(.data)
    now_y                                    0x20000008   Data           4  main.o(.data)
    dx                                       0x2000000c   Data          16  main.o(.data)
    dy                                       0x2000001c   Data          16  main.o(.data)
    dir                                      0x2000002c   Data           4  main.o(.data)
    dirs                                     0x20000030   Data         400  main.o(.data)
    hal_timestamp                            0x200001c0   Data           4  main.o(.data)
    rx_new                                   0x200001c4   Data           1  main.o(.data)
    mpl_key                                  0x200001c8   Data           4  main.o(.data)
    Task_Delay                               0x200001d8   Data           8  stm32f10x_it.o(.data)
    LCD_X_LENGTH                             0x200001e0   Data           2  bsp_ili9341_lcd.o(.data)
    LCD_Y_LENGTH                             0x200001e2   Data           2  bsp_ili9341_lcd.o(.data)
    LCD_SCAN_MODE                            0x200001e4   Data           1  bsp_ili9341_lcd.o(.data)
    g_ul_ms_ticks                            0x200001f0   Data           4  bsp_systick.o(.data)
    Font8x16                                 0x200001f8   Data           8  fonts.o(.data)
    Font16x24                                0x20000200   Data           8  fonts.o(.data)
    Font24x32                                0x20000208   Data           8  fonts.o(.data)
    SystemCoreClock                          0x2000022c   Data           4  system_stm32f10x.o(.data)
    AHBPrescTable                            0x20000230   Data          16  system_stm32f10x.o(.data)
    __stdout                                 0x20000274   Data           4  stdout.o(.data)
    fa                                       0x2000027c   Data        1600  main.o(.bss)
    maze_map                                 0x200008bc   Data        1681  main.o(.bss)
    edges                                    0x20000f50   Data       15200  main.o(.bss)
    sensors                                  0x20004c4c   Data         408  data_builder.o(.bss)
    fnm                                      0x20005058   Data         608  fast_no_motion.o(.bss)
    s9axis                                   0x200052f8   Data         312  fusion_9axis.o(.bss)
    mag_disturb                              0x20005660   Data         184  mag_disturb.o(.bss)
    __initial_sp                             0x20005b18   Data           0  startup_stm32f10x_hd.o(STACK)



==============================================================================

Memory Map of the image

  Image Entry point : 0x08000131

  Load Region LR_IROM1 (Base: 0x08000000, Size: 0x0000e500, Max: 0x00080000, ABSOLUTE, COMPRESSED[0x0000e318])

    Execution Region ER_IROM1 (Exec base: 0x08000000, Load base: 0x08000000, Size: 0x0000e284, Max: 0x00080000, ABSOLUTE)

    Exec Addr    Load Addr    Size         Type   Attr      Idx    E Section Name        Object

    0x08000000   0x08000000   0x00000130   Data   RO          862    RESET               startup_stm32f10x_hd.o
    0x08000130   0x08000130   0x00000000   Code   RO         6137  * .ARM.Collect$$$$00000000  mc_w.l(entry.o)
    0x08000130   0x08000130   0x00000004   Code   RO         6518    .ARM.Collect$$$$00000001  mc_w.l(entry2.o)
    0x08000134   0x08000134   0x00000004   Code   RO         6521    .ARM.Collect$$$$00000004  mc_w.l(entry5.o)
    0x08000138   0x08000138   0x00000000   Code   RO         6523    .ARM.Collect$$$$00000008  mc_w.l(entry7b.o)
    0x08000138   0x08000138   0x00000000   Code   RO         6525    .ARM.Collect$$$$0000000A  mc_w.l(entry8b.o)
    0x08000138   0x08000138   0x00000008   Code   RO         6526    .ARM.Collect$$$$0000000B  mc_w.l(entry9a.o)
    0x08000140   0x08000140   0x00000000   Code   RO         6528    .ARM.Collect$$$$0000000D  mc_w.l(entry10a.o)
    0x08000140   0x08000140   0x00000000   Code   RO         6530    .ARM.Collect$$$$0000000F  mc_w.l(entry11a.o)
    0x08000140   0x08000140   0x00000004   Code   RO         6519    .ARM.Collect$$$$00002712  mc_w.l(entry2.o)
    0x08000144   0x08000144   0x00000024   Code   RO          863    .text               startup_stm32f10x_hd.o
    0x08000168   0x08000168   0x000009f4   Code   RO         5822    .text               libmpllib.lib(fast_no_motion.o)
    0x08000b5c   0x08000b5c   0x0000065c   Code   RO         5913    .text               libmpllib.lib(fusion_9axis.o)
    0x080011b8   0x080011b8   0x000004bc   Code   RO         5938    .text               libmpllib.lib(gyro_tc.o)
    0x08001674   0x08001674   0x00000940   Code   RO         5959    .text               libmpllib.lib(quaternion_supervisor.o)
    0x08001fb4   0x08001fb4   0x00000550   Code   RO         5977    .text               libmpllib.lib(mag_disturb.o)
    0x08002504   0x08002504   0x00000062   Code   RO         6140    .text               mc_w.l(ldiv.o)
    0x08002566   0x08002566   0x0000001e   Code   RO         6142    .text               mc_w.l(llshl.o)
    0x08002584   0x08002584   0x00000024   Code   RO         6144    .text               mc_w.l(llsshr.o)
    0x080025a8   0x080025a8   0x00000024   Code   RO         6146    .text               mc_w.l(rand.o)
    0x080025cc   0x080025cc   0x00000040   Code   RO         6151    .text               mc_w.l(memmovea.o)
    0x0800260c   0x0800260c   0x00000024   Code   RO         6153    .text               mc_w.l(memseta.o)
    0x08002630   0x08002630   0x0000001a   Code   RO         6155    .text               mc_w.l(memcmp.o)
    0x0800264a   0x0800264a   0x000000b0   Code   RO         6422    .text               mf_w.l(fadd.o)
    0x080026fa   0x080026fa   0x00000064   Code   RO         6424    .text               mf_w.l(fmul.o)
    0x0800275e   0x0800275e   0x0000007c   Code   RO         6426    .text               mf_w.l(fdiv.o)
    0x080027da   0x080027da   0x00000018   Code   RO         6428    .text               mf_w.l(fscalb.o)
    0x080027f2   0x080027f2   0x0000014e   Code   RO         6430    .text               mf_w.l(dadd.o)
    0x08002940   0x08002940   0x000000e4   Code   RO         6432    .text               mf_w.l(dmul.o)
    0x08002a24   0x08002a24   0x000000de   Code   RO         6434    .text               mf_w.l(ddiv.o)
    0x08002b02   0x08002b02   0x0000002e   Code   RO         6436    .text               mf_w.l(dscalb.o)
    0x08002b30   0x08002b30   0x00000012   Code   RO         6438    .text               mf_w.l(fflti.o)
    0x08002b42   0x08002b42   0x0000000a   Code   RO         6440    .text               mf_w.l(ffltui.o)
    0x08002b4c   0x08002b4c   0x0000002c   Code   RO         6442    .text               mf_w.l(ffltl.o)
    0x08002b78   0x08002b78   0x00000022   Code   RO         6444    .text               mf_w.l(dflti.o)
    0x08002b9a   0x08002b9a   0x00000032   Code   RO         6446    .text               mf_w.l(ffixi.o)
    0x08002bcc   0x08002bcc   0x00000028   Code   RO         6448    .text               mf_w.l(ffixui.o)
    0x08002bf4   0x08002bf4   0x00000042   Code   RO         6450    .text               mf_w.l(ffixl.o)
    0x08002c36   0x08002c36   0x0000003e   Code   RO         6452    .text               mf_w.l(dfixi.o)
    0x08002c74   0x08002c74   0x00000026   Code   RO         6454    .text               mf_w.l(f2d.o)
    0x08002c9a   0x08002c9a   0x00000002   PAD
    0x08002c9c   0x08002c9c   0x00000030   Code   RO         6456    .text               mf_w.l(cdcmple.o)
    0x08002ccc   0x08002ccc   0x00000030   Code   RO         6458    .text               mf_w.l(cdrcmple.o)
    0x08002cfc   0x08002cfc   0x00000038   Code   RO         6460    .text               mf_w.l(d2f.o)
    0x08002d34   0x08002d34   0x00000014   Code   RO         6462    .text               mf_w.l(cfcmple.o)
    0x08002d48   0x08002d48   0x00000014   Code   RO         6464    .text               mf_w.l(cfrcmple.o)
    0x08002d5c   0x08002d5c   0x0000002c   Code   RO         6533    .text               mc_w.l(uidiv.o)
    0x08002d88   0x08002d88   0x00000062   Code   RO         6535    .text               mc_w.l(uldiv.o)
    0x08002dea   0x08002dea   0x00000020   Code   RO         6537    .text               mc_w.l(llushr.o)
    0x08002e0a   0x08002e0a   0x00000000   Code   RO         6546    .text               mc_w.l(iusefp.o)
    0x08002e0a   0x08002e0a   0x0000006e   Code   RO         6547    .text               mf_w.l(fepilogue.o)
    0x08002e78   0x08002e78   0x0000005e   Code   RO         6549    .text               mf_w.l(fsqrt.o)
    0x08002ed6   0x08002ed6   0x0000003c   Code   RO         6551    .text               mf_w.l(frnd.o)
    0x08002f12   0x08002f12   0x000000ba   Code   RO         6553    .text               mf_w.l(depilogue.o)
    0x08002fcc   0x08002fcc   0x00000030   Code   RO         6557    .text               mf_w.l(dfixul.o)
    0x08002ffc   0x08002ffc   0x00000024   Code   RO         6559    .text               mc_w.l(init.o)
    0x08003020   0x08003020   0x00000056   Code   RO         6571    .text               mc_w.l(__dczerorl2.o)
    0x08003076   0x08003076   0x00000004   Code   RO          325    i.BusFault_Handler  stm32f10x_it.o
    0x0800307a   0x0800307a   0x00000002   Code   RO          326    i.DebugMon_Handler  stm32f10x_it.o
    0x0800307c   0x0800307c   0x0000001a   Code   RO          327    i.EXTI15_10_IRQHandler  stm32f10x_it.o
    0x08003096   0x08003096   0x00000002   PAD
    0x08003098   0x08003098   0x0000000c   Code   RO         1666    i.EXTI_ClearITPendingBit  stm32f10x_exti.o
    0x080030a4   0x080030a4   0x00000028   Code   RO         1670    i.EXTI_GetITStatus  stm32f10x_exti.o
    0x080030cc   0x080030cc   0x00000094   Code   RO         1671    i.EXTI_Init         stm32f10x_exti.o
    0x08003160   0x08003160   0x00000050   Code   RO          829    i.EXTI_Pxy_Config   bsp_exti.o
    0x080031b0   0x080031b0   0x00000034   Code   RO         1904    i.FSMC_NORSRAMCmd   stm32f10x_fsmc.o
    0x080031e4   0x080031e4   0x000000e6   Code   RO         1906    i.FSMC_NORSRAMInit  stm32f10x_fsmc.o
    0x080032ca   0x080032ca   0x00000002   PAD
    0x080032cc   0x080032cc   0x00000040   Code   RO         2016    i.GPIO_EXTILineConfig  stm32f10x_gpio.o
    0x0800330c   0x0800330c   0x00000116   Code   RO         2019    i.GPIO_Init         stm32f10x_gpio.o
    0x08003422   0x08003422   0x00000012   Code   RO         2023    i.GPIO_ReadInputDataBit  stm32f10x_gpio.o
    0x08003434   0x08003434   0x00000004   Code   RO         2026    i.GPIO_ResetBits    stm32f10x_gpio.o
    0x08003438   0x08003438   0x00000004   Code   RO         2027    i.GPIO_SetBits      stm32f10x_gpio.o
    0x0800343c   0x0800343c   0x0000000c   Code   RO          690    i.Get_I2C_Retry     bsp_i2c.o
    0x08003448   0x08003448   0x00000004   Code   RO          328    i.HardFault_Handler  stm32f10x_it.o
    0x0800344c   0x0800344c   0x00000012   Code   RO          691    i.I2C_Bus_Init      bsp_i2c.o
    0x0800345e   0x0800345e   0x00000002   PAD
    0x08003460   0x08003460   0x00000024   Code   RO          401    i.ILI9341_BackLed_Control  bsp_ili9341_lcd.o
    0x08003484   0x08003484   0x0000002c   Code   RO          402    i.ILI9341_Clear     bsp_ili9341_lcd.o
    0x080034b0   0x080034b0   0x00000012   Code   RO          404    i.ILI9341_Delay     bsp_ili9341_lcd.o
    0x080034c2   0x080034c2   0x00000138   Code   RO          409    i.ILI9341_DrawCircle  bsp_ili9341_lcd.o
    0x080035fa   0x080035fa   0x00000042   Code   RO          412    i.ILI9341_Draw_Rec_Color  bsp_ili9341_lcd.o
    0x0800363c   0x0800363c   0x0000005e   Code   RO          413    i.ILI9341_FSMC_Config  bsp_ili9341_lcd.o
    0x0800369a   0x0800369a   0x00000020   Code   RO          414    i.ILI9341_FillColor  bsp_ili9341_lcd.o
    0x080036ba   0x080036ba   0x00000002   PAD
    0x080036bc   0x080036bc   0x00000198   Code   RO          415    i.ILI9341_GPIO_Config  bsp_ili9341_lcd.o
    0x08003854   0x08003854   0x00000018   Code   RO          416    i.ILI9341_GetPointPixel  bsp_ili9341_lcd.o
    0x0800386c   0x0800386c   0x000000b8   Code   RO          417    i.ILI9341_GramScan  bsp_ili9341_lcd.o
    0x08003924   0x08003924   0x00000028   Code   RO          418    i.ILI9341_Init      bsp_ili9341_lcd.o
    0x0800394c   0x0800394c   0x00000060   Code   RO          419    i.ILI9341_OpenWindow  bsp_ili9341_lcd.o
    0x080039ac   0x080039ac   0x00000230   Code   RO          420    i.ILI9341_REG_Config  bsp_ili9341_lcd.o
    0x08003bdc   0x08003bdc   0x0000000c   Code   RO          421    i.ILI9341_Read_Data  bsp_ili9341_lcd.o
    0x08003be8   0x08003be8   0x00000036   Code   RO          422    i.ILI9341_Read_PixelData  bsp_ili9341_lcd.o
    0x08003c1e   0x08003c1e   0x00000002   PAD
    0x08003c20   0x08003c20   0x00000028   Code   RO          423    i.ILI9341_Rst       bsp_ili9341_lcd.o
    0x08003c48   0x08003c48   0x00000014   Code   RO          424    i.ILI9341_SetCursor  bsp_ili9341_lcd.o
    0x08003c5c   0x08003c5c   0x00000038   Code   RO          425    i.ILI9341_SetPointPixel  bsp_ili9341_lcd.o
    0x08003c94   0x08003c94   0x00000008   Code   RO          426    i.ILI9341_Write_Cmd  bsp_ili9341_lcd.o
    0x08003c9c   0x08003c9c   0x0000000c   Code   RO          427    i.ILI9341_Write_Data  bsp_ili9341_lcd.o
    0x08003ca8   0x08003ca8   0x00000040   Code   RO          807    i.Key_GPIO_Config   bsp_key.o
    0x08003ce8   0x08003ce8   0x00000028   Code   RO          808    i.Key_Scan          bsp_key.o
    0x08003d10   0x08003d10   0x00000014   Code   RO          432    i.LCD_SetColors     bsp_ili9341_lcd.o
    0x08003d24   0x08003d24   0x0000000c   Code   RO          433    i.LCD_SetFont       bsp_ili9341_lcd.o
    0x08003d30   0x08003d30   0x00000060   Code   RO          792    i.LED_GPIO_Config   bsp_led.o
    0x08003d90   0x08003d90   0x00000004   Code   RO          329    i.MemManage_Handler  stm32f10x_it.o
    0x08003d94   0x08003d94   0x00000002   Code   RO          330    i.NMI_Handler       stm32f10x_it.o
    0x08003d96   0x08003d96   0x00000028   Code   RO          831    i.NVIC_Configuration  bsp_exti.o
    0x08003dbe   0x08003dbe   0x00000002   PAD
    0x08003dc0   0x08003dc0   0x00000070   Code   RO          868    i.NVIC_Init         misc.o
    0x08003e30   0x08003e30   0x00000014   Code   RO          869    i.NVIC_PriorityGroupConfig  misc.o
    0x08003e44   0x08003e44   0x00000002   Code   RO          331    i.PendSV_Handler    stm32f10x_it.o
    0x08003e46   0x08003e46   0x00000002   PAD
    0x08003e48   0x08003e48   0x00000020   Code   RO         2434    i.RCC_AHBPeriphClockCmd  stm32f10x_rcc.o
    0x08003e68   0x08003e68   0x00000020   Code   RO         2437    i.RCC_APB2PeriphClockCmd  stm32f10x_rcc.o
    0x08003e88   0x08003e88   0x000000d4   Code   RO         2445    i.RCC_GetClocksFreq  stm32f10x_rcc.o
    0x08003f5c   0x08003f5c   0x00000002   Code   RO          332    i.SVC_Handler       stm32f10x_it.o
    0x08003f5e   0x08003f5e   0x0000004c   Code   RO          692    i.Sensors_I2C_ReadRegister  bsp_i2c.o
    0x08003faa   0x08003faa   0x0000004c   Code   RO          693    i.Sensors_I2C_WriteRegister  bsp_i2c.o
    0x08003ff6   0x08003ff6   0x00000008   Code   RO         3845    i.SetSysClock       system_stm32f10x.o
    0x08003ffe   0x08003ffe   0x00000002   PAD
    0x08004000   0x08004000   0x000000e0   Code   RO         3846    i.SetSysClockTo72   system_stm32f10x.o
    0x080040e0   0x080040e0   0x0000000c   Code   RO          694    i.Set_I2C_Retry     bsp_i2c.o
    0x080040ec   0x080040ec   0x00000072   Code   RO          695    i.Soft_DMP_I2C_Read  bsp_i2c.o
    0x0800415e   0x0800415e   0x0000005a   Code   RO          696    i.Soft_DMP_I2C_Write  bsp_i2c.o
    0x080041b8   0x080041b8   0x00000044   Code   RO          697    i.Soft_I2C_Configuration  bsp_i2c.o
    0x080041fc   0x080041fc   0x0000000a   Code   RO          698    i.Soft_I2C_Delay    bsp_i2c.o
    0x08004206   0x08004206   0x00000002   PAD
    0x08004208   0x08004208   0x0000005c   Code   RO          699    i.Soft_I2C_ReceiveByte  bsp_i2c.o
    0x08004264   0x08004264   0x0000005c   Code   RO          700    i.Soft_I2C_ReceiveByte_WithACK  bsp_i2c.o
    0x080042c0   0x080042c0   0x00000060   Code   RO          701    i.Soft_I2C_START    bsp_i2c.o
    0x08004320   0x08004320   0x00000034   Code   RO          702    i.Soft_I2C_STOP     bsp_i2c.o
    0x08004354   0x08004354   0x00000034   Code   RO          703    i.Soft_I2C_SendACK  bsp_i2c.o
    0x08004388   0x08004388   0x00000060   Code   RO          704    i.Soft_I2C_SendByte  bsp_i2c.o
    0x080043e8   0x080043e8   0x00000034   Code   RO          705    i.Soft_I2C_SendNACK  bsp_i2c.o
    0x0800441c   0x0800441c   0x00000050   Code   RO          706    i.Soft_I2C_Wait_Ack  bsp_i2c.o
    0x0800446c   0x0800446c   0x00000034   Code   RO          333    i.SysTick_Handler   stm32f10x_it.o
    0x080044a0   0x080044a0   0x00000078   Code   RO          607    i.SysTick_Init      bsp_systick.o
    0x08004518   0x08004518   0x00000060   Code   RO         3848    i.SystemInit        system_stm32f10x.o
    0x08004578   0x08004578   0x00000010   Code   RO          608    i.TimeStamp_Increment  bsp_systick.o
    0x08004588   0x08004588   0x00000018   Code   RO          609    i.TimingDelay_Decrement  bsp_systick.o
    0x080045a0   0x080045a0   0x00000012   Code   RO         3601    i.USART_ClearFlag   stm32f10x_usart.o
    0x080045b2   0x080045b2   0x00000018   Code   RO         3605    i.USART_Cmd         stm32f10x_usart.o
    0x080045ca   0x080045ca   0x00000002   PAD
    0x080045cc   0x080045cc   0x00000080   Code   RO          653    i.USART_Config      bsp_usart.o
    0x0800464c   0x0800464c   0x0000001a   Code   RO         3608    i.USART_GetFlagStatus  stm32f10x_usart.o
    0x08004666   0x08004666   0x00000002   PAD
    0x08004668   0x08004668   0x000000d8   Code   RO         3612    i.USART_Init        stm32f10x_usart.o
    0x08004740   0x08004740   0x00000008   Code   RO         3622    i.USART_SendData    stm32f10x_usart.o
    0x08004748   0x08004748   0x00000004   Code   RO          334    i.UsageFault_Handler  stm32f10x_it.o
    0x0800474c   0x0800474c   0x000000c8   Code   RO         4391    i._MLPrintLog       log_stm32.o
    0x08004814   0x08004814   0x00000020   Code   RO         6394    i.__0printf         mc_w.l(printfa.o)
    0x08004834   0x08004834   0x00000024   Code   RO         6400    i.__0vsprintf       mc_w.l(printfa.o)
    0x08004858   0x08004858   0x00000026   Code   RO         6485    i.__ARM_fpclassifyf  m_ws.l(fpclassifyf.o)
    0x0800487e   0x0800487e   0x00000006   Code   RO         6488    i.__mathlib_flt_infnan  m_ws.l(funder.o)
    0x08004884   0x08004884   0x00000004   Code   RO         6489    i.__mathlib_flt_infnan2  m_ws.l(funder.o)
    0x08004888   0x08004888   0x00000008   Code   RO         6490    i.__mathlib_flt_invalid  m_ws.l(funder.o)
    0x08004890   0x08004890   0x0000000a   Code   RO         6493    i.__mathlib_flt_underflow  m_ws.l(funder.o)
    0x0800489a   0x0800489a   0x00000002   PAD
    0x0800489c   0x0800489c   0x00000168   Code   RO         6509    i.__mathlib_rredf2  m_ws.l(rredf.o)
    0x08004a04   0x08004a04   0x00000034   Code   RO         5474    i.__print_result_location  mpl.o
    0x08004a38   0x08004a38   0x0000000e   Code   RO         6565    i.__scatterload_copy  mc_w.l(handlers.o)
    0x08004a46   0x08004a46   0x00000002   Code   RO         6566    i.__scatterload_null  mc_w.l(handlers.o)
    0x08004a48   0x08004a48   0x0000000e   Code   RO         6567    i.__scatterload_zeroinit  mc_w.l(handlers.o)
    0x08004a56   0x08004a56   0x00000002   PAD
    0x08004a58   0x08004a58   0x0000000c   Code   RO         6541    i.__set_errno       mc_w.l(errno.o)
    0x08004a64   0x08004a64   0x00000184   Code   RO         6401    i._fp_digits        mc_w.l(printfa.o)
    0x08004be8   0x08004be8   0x000006dc   Code   RO         6402    i._printf_core      mc_w.l(printfa.o)
    0x080052c4   0x080052c4   0x00000024   Code   RO         6403    i._printf_post_padding  mc_w.l(printfa.o)
    0x080052e8   0x080052e8   0x0000002e   Code   RO         6404    i._printf_pre_padding  mc_w.l(printfa.o)
    0x08005316   0x08005316   0x0000000a   Code   RO         6406    i._sputc            mc_w.l(printfa.o)
    0x08005320   0x08005320   0x0000011c   Code   RO         6010    i.acosf             m_ws.l(acosf.o)
    0x0800543c   0x0800543c   0x00000090   Code   RO            1    i.android_orient_cb  main.o
    0x080054cc   0x080054cc   0x0000025c   Code   RO         6054    i.atan2f            m_ws.l(atan2f.o)
    0x08005728   0x08005728   0x0000017c   Code   RO         6074    i.cosf              m_ws.l(cosf.o)
    0x080058a4   0x080058a4   0x00000064   Code   RO         4206    i.decode_gesture    inv_mpu_dmp_motion_driver.o
    0x08005908   0x08005908   0x0000003c   Code   RO         4207    i.dmp_enable_6x_lp_quat  inv_mpu_dmp_motion_driver.o
    0x08005944   0x08005944   0x0000021c   Code   RO         4208    i.dmp_enable_feature  inv_mpu_dmp_motion_driver.o
    0x08005b60   0x08005b60   0x00000058   Code   RO         4209    i.dmp_enable_gyro_cal  inv_mpu_dmp_motion_driver.o
    0x08005bb8   0x08005bb8   0x0000003c   Code   RO         4210    i.dmp_enable_lp_quat  inv_mpu_dmp_motion_driver.o
    0x08005bf4   0x08005bf4   0x00000018   Code   RO         4215    i.dmp_load_motion_driver_firmware  inv_mpu_dmp_motion_driver.o
    0x08005c0c   0x08005c0c   0x000001cc   Code   RO         4216    i.dmp_read_fifo     inv_mpu_dmp_motion_driver.o
    0x08005dd8   0x08005dd8   0x00000010   Code   RO         4217    i.dmp_register_android_orient_cb  inv_mpu_dmp_motion_driver.o
    0x08005de8   0x08005de8   0x00000010   Code   RO         4218    i.dmp_register_tap_cb  inv_mpu_dmp_motion_driver.o
    0x08005df8   0x08005df8   0x00000070   Code   RO         4220    i.dmp_set_fifo_rate  inv_mpu_dmp_motion_driver.o
    0x08005e68   0x08005e68   0x00000138   Code   RO         4223    i.dmp_set_orientation  inv_mpu_dmp_motion_driver.o
    0x08005fa0   0x08005fa0   0x00000038   Code   RO         4226    i.dmp_set_shake_reject_thresh  inv_mpu_dmp_motion_driver.o
    0x08005fd8   0x08005fd8   0x00000026   Code   RO         4227    i.dmp_set_shake_reject_time  inv_mpu_dmp_motion_driver.o
    0x08005ffe   0x08005ffe   0x00000026   Code   RO         4228    i.dmp_set_shake_reject_timeout  inv_mpu_dmp_motion_driver.o
    0x08006024   0x08006024   0x00000046   Code   RO         4229    i.dmp_set_tap_axes  inv_mpu_dmp_motion_driver.o
    0x0800606a   0x0800606a   0x00000026   Code   RO         4230    i.dmp_set_tap_count  inv_mpu_dmp_motion_driver.o
    0x08006090   0x08006090   0x000001a0   Code   RO         4231    i.dmp_set_tap_thresh  inv_mpu_dmp_motion_driver.o
    0x08006230   0x08006230   0x00000026   Code   RO         4232    i.dmp_set_tap_time  inv_mpu_dmp_motion_driver.o
    0x08006256   0x08006256   0x00000026   Code   RO         4233    i.dmp_set_tap_time_multi  inv_mpu_dmp_motion_driver.o
    0x0800627c   0x0800627c   0x000000f4   Code   RO            2    i.draw_map          main.o
    0x08006370   0x08006370   0x00000024   Code   RO          655    i.fputc             bsp_usart.o
    0x08006394   0x08006394   0x00000024   Code   RO         4394    i.fputcc            log_stm32.o
    0x080063b8   0x080063b8   0x00000010   Code   RO          610    i.get_tick_count    bsp_systick.o
    0x080063c8   0x080063c8   0x00000028   Code   RO            3    i.getfa             main.o
    0x080063f0   0x080063f0   0x0000000c   Code   RO            4    i.gyro_data_ready_cb  main.o
    0x080063fc   0x080063fc   0x0000000c   Code   RO         4518    i.inv_accel_was_turned_off  data_builder.o
    0x08006408   0x08006408   0x0000006a   Code   RO         4519    i.inv_apply_calibration  data_builder.o
    0x08006472   0x08006472   0x00000002   PAD
    0x08006474   0x08006474   0x0000008c   Code   RO         4520    i.inv_build_accel   data_builder.o
    0x08006500   0x08006500   0x00000038   Code   RO         4522    i.inv_build_gyro    data_builder.o
    0x08006538   0x08006538   0x00000040   Code   RO         4523    i.inv_build_quat    data_builder.o
    0x08006578   0x08006578   0x0000002c   Code   RO         4524    i.inv_build_temp    data_builder.o
    0x080065a4   0x080065a4   0x000000a2   Code   RO         5117    i.inv_compass_angle  ml_math_func.o
    0x08006646   0x08006646   0x00000002   PAD
    0x08006648   0x08006648   0x00000010   Code   RO         4525    i.inv_compass_was_turned_off  data_builder.o
    0x08006658   0x08006658   0x00000072   Code   RO         5119    i.inv_convert_to_body_with_scale  ml_math_func.o
    0x080066ca   0x080066ca   0x00000002   PAD
    0x080066cc   0x080066cc   0x00000050   Code   RO         4526    i.inv_db_load_func  data_builder.o
    0x0800671c   0x0800671c   0x00000018   Code   RO         4527    i.inv_db_save_func  data_builder.o
    0x08006734   0x08006734   0x00000010   Code   RO         4528    i.inv_disable_compass_soft_iron_matrix  data_builder.o
    0x08006744   0x08006744   0x0000001c   Code   RO         4431    i.inv_enable_eMPL_outputs  empl_outputs.o
    0x08006760   0x08006760   0x00000020   Code   RO         5512    i.inv_enable_results_holder  results_holder.o
    0x08006780   0x08006780   0x0000002c   Code   RO         5747    i.inv_execute_mpl_start_notification  start_manager.o
    0x080067ac   0x080067ac   0x000000a0   Code   RO         4530    i.inv_execute_on_data  data_builder.o
    0x0800684c   0x0800684c   0x000000f0   Code   RO         4432    i.inv_generate_eMPL_outputs  empl_outputs.o
    0x0800693c   0x0800693c   0x00000010   Code   RO         5513    i.inv_generate_results  results_holder.o
    0x0800694c   0x0800694c   0x00000018   Code   RO         5514    i.inv_get_6axis_quaternion  results_holder.o
    0x08006964   0x08006964   0x0000000c   Code   RO         5515    i.inv_get_acc_state  results_holder.o
    0x08006970   0x08006970   0x0000000c   Code   RO         4531    i.inv_get_accel_accuracy  data_builder.o
    0x0800697c   0x0800697c   0x00000010   Code   RO         4533    i.inv_get_accel_on  data_builder.o
    0x0800698c   0x0800698c   0x0000002c   Code   RO         4537    i.inv_get_accel_set  data_builder.o
    0x080069b8   0x080069b8   0x00000018   Code   RO         5519    i.inv_get_compass_correction  results_holder.o
    0x080069d0   0x080069d0   0x00000010   Code   RO         4540    i.inv_get_compass_on  data_builder.o
    0x080069e0   0x080069e0   0x00000060   Code   RO         5521    i.inv_get_gravity   results_holder.o
    0x08006a40   0x08006a40   0x00000010   Code   RO         4548    i.inv_get_gyro      data_builder.o
    0x08006a50   0x08006a50   0x0000000c   Code   RO         4549    i.inv_get_gyro_accuracy  data_builder.o
    0x08006a5c   0x08006a5c   0x00000024   Code   RO         4550    i.inv_get_gyro_bias  data_builder.o
    0x08006a80   0x08006a80   0x00000020   Code   RO         4551    i.inv_get_gyro_bias_tc_set  data_builder.o
    0x08006aa0   0x08006aa0   0x00000010   Code   RO         4552    i.inv_get_gyro_on   data_builder.o
    0x08006ab0   0x08006ab0   0x0000001c   Code   RO         5123    i.inv_get_gyro_sum_of_sqr  ml_math_func.o
    0x08006acc   0x08006acc   0x00000068   Code   RO         4558    i.inv_get_last_timestamp  data_builder.o
    0x08006b34   0x08006b34   0x0000003c   Code   RO         5525    i.inv_get_linear_accel  results_holder.o
    0x08006b70   0x08006b70   0x00000010   Code   RO         5527    i.inv_get_local_field  results_holder.o
    0x08006b80   0x08006b80   0x0000001c   Code   RO         4559    i.inv_get_mag_accuracy  data_builder.o
    0x08006b9c   0x08006b9c   0x00000014   Code   RO         5529    i.inv_get_motion_state  results_holder.o
    0x08006bb0   0x08006bb0   0x0000003c   Code   RO         5530    i.inv_get_quaternion  results_holder.o
    0x08006bec   0x08006bec   0x00000044   Code   RO         5532    i.inv_get_quaternion_set  results_holder.o
    0x08006c30   0x08006c30   0x00000230   Code   RO         4435    i.inv_get_sensor_type_euler  empl_outputs.o
    0x08006e60   0x08006e60   0x0000000c   Code   RO         5534    i.inv_got_compass_bias  results_holder.o
    0x08006e6c   0x08006e6c   0x0000000c   Code   RO         4561    i.inv_gyro_was_turned_off  data_builder.o
    0x08006e78   0x08006e78   0x0000003c   Code   RO         4562    i.inv_init_data_builder  data_builder.o
    0x08006eb4   0x08006eb4   0x00000014   Code   RO         4440    i.inv_init_eMPL_outputs  empl_outputs.o
    0x08006ec8   0x08006ec8   0x0000008c   Code   RO         5476    i.inv_init_mpl      mpl.o
    0x08006f54   0x08006f54   0x00000038   Code   RO         5535    i.inv_init_results_holder  results_holder.o
    0x08006f8c   0x08006f8c   0x00000014   Code   RO         5748    i.inv_init_start_manager  start_manager.o
    0x08006fa0   0x08006fa0   0x00000018   Code   RO         5781    i.inv_init_storage_manager  storage_manager.o
    0x08006fb8   0x08006fb8   0x00000028   Code   RO         5132    i.inv_orientation_matrix_to_scalar  ml_math_func.o
    0x08006fe0   0x08006fe0   0x00000012   Code   RO         5133    i.inv_q29_mult      ml_math_func.o
    0x08006ff2   0x08006ff2   0x00000012   Code   RO         5135    i.inv_q30_mult      ml_math_func.o
    0x08007004   0x08007004   0x00000016   Code   RO         5137    i.inv_q30_to_float  ml_math_func.o
    0x0800701a   0x0800701a   0x00000024   Code   RO         5138    i.inv_q_add         ml_math_func.o
    0x0800703e   0x0800703e   0x00000032   Code   RO         5139    i.inv_q_addf        ml_math_func.o
    0x08007070   0x08007070   0x00000018   Code   RO         5140    i.inv_q_invert      ml_math_func.o
    0x08007088   0x08007088   0x0000001e   Code   RO         5141    i.inv_q_invertf     ml_math_func.o
    0x080070a6   0x080070a6   0x000000b2   Code   RO         5142    i.inv_q_mult        ml_math_func.o
    0x08007158   0x08007158   0x0000010e   Code   RO         5143    i.inv_q_multf       ml_math_func.o
    0x08007266   0x08007266   0x00000092   Code   RO         5144    i.inv_q_norm4       ml_math_func.o
    0x080072f8   0x080072f8   0x0000016e   Code   RO         5146    i.inv_q_normalizef  ml_math_func.o
    0x08007466   0x08007466   0x00000042   Code   RO         5147    i.inv_q_rotate      ml_math_func.o
    0x080074a8   0x080074a8   0x00000010   Code   RO         4564    i.inv_quaternion_sensor_was_turned_off  data_builder.o
    0x080074b8   0x080074b8   0x000000da   Code   RO         5149    i.inv_quaternion_to_rotation  ml_math_func.o
    0x08007592   0x08007592   0x00000002   PAD
    0x08007594   0x08007594   0x000000f8   Code   RO         4565    i.inv_register_data_cb  data_builder.o
    0x0800768c   0x0800768c   0x00000090   Code   RO         5783    i.inv_register_load_store  storage_manager.o
    0x0800771c   0x0800771c   0x0000002c   Code   RO         5749    i.inv_register_mpl_start_notification  start_manager.o
    0x08007748   0x08007748   0x0000004c   Code   RO         4566    i.inv_reset_compass_soft_iron_matrix  data_builder.o
    0x08007794   0x08007794   0x0000004e   Code   RO         5151    i.inv_row_2_scale   ml_math_func.o
    0x080077e2   0x080077e2   0x00000002   PAD
    0x080077e4   0x080077e4   0x00000018   Code   RO         4571    i.inv_set_accel_orientation_and_scale  data_builder.o
    0x080077fc   0x080077fc   0x0000002c   Code   RO         4572    i.inv_set_accel_sample_rate  data_builder.o
    0x08007828   0x08007828   0x0000000c   Code   RO         5540    i.inv_set_compass_bias_found  results_holder.o
    0x08007834   0x08007834   0x00000024   Code   RO         5541    i.inv_set_compass_correction  results_holder.o
    0x08007858   0x08007858   0x0000000c   Code   RO         4575    i.inv_set_compass_disturbance  data_builder.o
    0x08007864   0x08007864   0x00000120   Code   RO         4581    i.inv_set_contiguous  data_builder.o
    0x08007984   0x08007984   0x00000074   Code   RO         4583    i.inv_set_gyro_bias  data_builder.o
    0x080079f8   0x080079f8   0x00000018   Code   RO         4584    i.inv_set_gyro_orientation_and_scale  data_builder.o
    0x08007a10   0x08007a10   0x00000028   Code   RO         4585    i.inv_set_gyro_sample_rate  data_builder.o
    0x08007a38   0x08007a38   0x0000001c   Code   RO         5092    i.inv_set_message   message_layer.o
    0x08007a54   0x08007a54   0x00000050   Code   RO         5547    i.inv_set_motion_state  results_holder.o
    0x08007aa4   0x08007aa4   0x00000014   Code   RO         4441    i.inv_start_eMPL_outputs  empl_outputs.o
    0x08007ab8   0x08007ab8   0x00000048   Code   RO         5477    i.inv_start_mpl     mpl.o
    0x08007b00   0x08007b00   0x00000018   Code   RO         5548    i.inv_start_results_holder  results_holder.o
    0x08007b18   0x08007b18   0x00000024   Code   RO         5549    i.inv_store_gaming_quaternion  results_holder.o
    0x08007b3c   0x08007b3c   0x00000064   Code   RO         4588    i.inv_unregister_data_cb  data_builder.o
    0x08007ba0   0x08007ba0   0x00000060   Code   RO         5750    i.inv_unregister_mpl_start_notification  start_manager.o
    0x08007c00   0x08007c00   0x0000048c   Code   RO            5    i.main              main.o
    0x0800808c   0x0800808c   0x00000294   Code   RO            6    i.maze_init         main.o
    0x08008320   0x08008320   0x00000014   Code   RO          611    i.mdelay            bsp_systick.o
    0x08008334   0x08008334   0x000000f8   Code   RO            7    i.move              main.o
    0x0800842c   0x0800842c   0x00000070   Code   RO         3902    i.mpu_configure_fifo  inv_mpu.o
    0x0800849c   0x0800849c   0x0000004c   Code   RO         3903    i.mpu_get_accel_fsr  inv_mpu.o
    0x080084e8   0x080084e8   0x00000074   Code   RO         3904    i.mpu_get_accel_reg  inv_mpu.o
    0x0800855c   0x0800855c   0x00000010   Code   RO         3910    i.mpu_get_fifo_config  inv_mpu.o
    0x0800856c   0x0800856c   0x00000044   Code   RO         3911    i.mpu_get_gyro_fsr  inv_mpu.o
    0x080085b0   0x080085b0   0x00000050   Code   RO         3915    i.mpu_get_lpf       inv_mpu.o
    0x08008600   0x08008600   0x00000020   Code   RO         3917    i.mpu_get_sample_rate  inv_mpu.o
    0x08008620   0x08008620   0x000000a0   Code   RO         3918    i.mpu_get_temperature  inv_mpu.o
    0x080086c0   0x080086c0   0x000000fc   Code   RO         3919    i.mpu_init          inv_mpu.o
    0x080087bc   0x080087bc   0x000000b8   Code   RO         3920    i.mpu_load_firmware  inv_mpu.o
    0x08008874   0x08008874   0x000000e0   Code   RO         3921    i.mpu_lp_accel_mode  inv_mpu.o
    0x08008954   0x08008954   0x000000ec   Code   RO         3922    i.mpu_lp_motion_interrupt  inv_mpu.o
    0x08008a40   0x08008a40   0x000001f8   Code   RO         3926    i.mpu_read_fifo     inv_mpu.o
    0x08008c38   0x08008c38   0x000000c0   Code   RO         3927    i.mpu_read_fifo_stream  inv_mpu.o
    0x08008cf8   0x08008cf8   0x00000080   Code   RO         3928    i.mpu_read_mem      inv_mpu.o
    0x08008d78   0x08008d78   0x000001c8   Code   RO         3931    i.mpu_reset_fifo    inv_mpu.o
    0x08008f40   0x08008f40   0x00000084   Code   RO         3935    i.mpu_set_accel_fsr  inv_mpu.o
    0x08008fc4   0x08008fc4   0x0000014c   Code   RO         3936    i.mpu_set_bypass    inv_mpu.o
    0x08009110   0x08009110   0x00000090   Code   RO         3938    i.mpu_set_dmp_state  inv_mpu.o
    0x080091a0   0x080091a0   0x00000088   Code   RO         3940    i.mpu_set_gyro_fsr  inv_mpu.o
    0x08009228   0x08009228   0x0000006c   Code   RO         3941    i.mpu_set_int_latched  inv_mpu.o
    0x08009294   0x08009294   0x00000084   Code   RO         3943    i.mpu_set_lpf       inv_mpu.o
    0x08009318   0x08009318   0x0000009c   Code   RO         3944    i.mpu_set_sample_rate  inv_mpu.o
    0x080093b4   0x080093b4   0x000000d0   Code   RO         3945    i.mpu_set_sensors   inv_mpu.o
    0x08009484   0x08009484   0x00000080   Code   RO         3946    i.mpu_write_mem     inv_mpu.o
    0x08009504   0x08009504   0x000001ac   Code   RO            9    i.read_from_mpl     main.o
    0x080096b0   0x080096b0   0x00000090   Code   RO         3947    i.set_int_enable    inv_mpu.o
    0x08009740   0x08009740   0x00000006   Code   RO         4589    i.set_sensor_orientation_and_scale  data_builder.o
    0x08009746   0x08009746   0x00000002   PAD
    0x08009748   0x08009748   0x0000006c   Code   RO           10    i.show_dir          main.o
    0x080097b4   0x080097b4   0x00000188   Code   RO         6114    i.sinf              m_ws.l(sinf.o)
    0x0800993c   0x0800993c   0x0000002c   Code   RO         6130    i.sqrtf             m_ws.l(sqrtf.o)
    0x08009968   0x08009968   0x000000b0   Code   RO           11    i.tap_cb            main.o
    0x08009a18   0x08009a18   0x00003b60   Data   RO          677    .constdata          fonts.o
    0x0800d578   0x0800d578   0x00000054   Data   RO         3948    .constdata          inv_mpu.o
    0x0800d5cc   0x0800d5cc   0x00000bf6   Data   RO         4235    .constdata          inv_mpu_dmp_motion_driver.o
    0x0800e1c2   0x0800e1c2   0x0000002f   Data   RO         5478    .constdata          mpl.o
    0x0800e1f1   0x0800e1f1   0x00000003   PAD
    0x0800e1f4   0x0800e1f4   0x00000020   Data   RO         6510    .constdata          m_ws.l(rredf.o)
    0x0800e214   0x0800e214   0x00000009   Data   RO           17    .conststring        main.o
    0x0800e21d   0x0800e21d   0x00000003   PAD
    0x0800e220   0x0800e220   0x00000044   Data   RO         4591    .conststring        data_builder.o
    0x0800e264   0x0800e264   0x00000020   Data   RO         6563    Region$$Table       anon$$obj.o


    Execution Region RW_IRAM1 (Exec base: 0x20000000, Load base: 0x0800e284, Size: 0x00005b18, Max: 0x00010000, ABSOLUTE, COMPRESSED[0x00000094])

    Exec Addr    Load Addr    Size         Type   Attr      Idx    E Section Name        Object

    0x20000000   COMPRESSED   0x000001d5   Data   RW           18    .data               main.o
    0x200001d5   COMPRESSED   0x00000003   PAD
    0x200001d8   COMPRESSED   0x00000008   Data   RW          335    .data               stm32f10x_it.o
    0x200001e0   COMPRESSED   0x00000010   Data   RW          435    .data               bsp_ili9341_lcd.o
    0x200001f0   COMPRESSED   0x00000008   Data   RW          612    .data               bsp_systick.o
    0x200001f8   COMPRESSED   0x00000018   Data   RW          678    .data               fonts.o
    0x20000210   COMPRESSED   0x00000006   Data   RW          707    .data               bsp_i2c.o
    0x20000216   COMPRESSED   0x00000014   Data   RW         2465    .data               stm32f10x_rcc.o
    0x2000022a   COMPRESSED   0x00000002   PAD
    0x2000022c   COMPRESSED   0x00000014   Data   RW         3849    .data               system_stm32f10x.o
    0x20000240   COMPRESSED   0x0000002c   Data   RW         3949    .data               inv_mpu.o
    0x2000026c   COMPRESSED   0x00000004   Data   RW         5093    .data               message_layer.o
    0x20000270   COMPRESSED   0x00000004   Data   RW         6147    .data               mc_w.l(rand.o)
    0x20000274   COMPRESSED   0x00000004   Data   RW         6532    .data               mc_w.l(stdout.o)
    0x20000278   COMPRESSED   0x00000004   Data   RW         6542    .data               mc_w.l(errno.o)
    0x2000027c        -       0x00004858   Zero   RW           15    .bss                main.o
    0x20004ad4        -       0x00000010   Zero   RW         4234    .bss                inv_mpu_dmp_motion_driver.o
    0x20004ae4        -       0x00000028   Zero   RW         4443    .bss                empl_outputs.o
    0x20004b0c        -       0x000002d8   Zero   RW         4590    .bss                data_builder.o
    0x20004de4        -       0x00000088   Zero   RW         5550    .bss                results_holder.o
    0x20004e6c        -       0x00000054   Zero   RW         5751    .bss                start_manager.o
    0x20004ec0        -       0x00000198   Zero   RW         5785    .bss                storage_manager.o
    0x20005058        -       0x000002a0   Zero   RW         5823    .bss                libmpllib.lib(fast_no_motion.o)
    0x200052f8        -       0x00000138   Zero   RW         5914    .bss                libmpllib.lib(fusion_9axis.o)
    0x20005430        -       0x000001c4   Zero   RW         5939    .bss                libmpllib.lib(gyro_tc.o)
    0x200055f4        -       0x0000006c   Zero   RW         5960    .bss                libmpllib.lib(quaternion_supervisor.o)
    0x20005660        -       0x000000b8   Zero   RW         5978    .bss                libmpllib.lib(mag_disturb.o)
    0x20005718        -       0x00000400   Zero   RW          860    STACK               startup_stm32f10x_hd.o


==============================================================================

Image component sizes


      Code (inc. data)   RO Data    RW Data    ZI Data      Debug   Object Name

       120          4          0          0          0        934   bsp_exti.o
      1088         66          0          6          0      10194   bsp_i2c.o
      2148         88          0         16          0      12701   bsp_ili9341_lcd.o
       104         10          0          0          0       1265   bsp_key.o
        96          6          0          0          0        482   bsp_led.o
       196         30          0          8          0      18058   bsp_systick.o
       164         12          0          0          0       1087   bsp_usart.o
      2116        238         68          0        728      23350   data_builder.o
       868         44          0          0         40       4382   empl_outputs.o
         0          0      15200         24          0       1193   fonts.o
      4456        150         84         44          0      24050   inv_mpu.o
      2520        120       3062          0         16      19456   inv_mpu_dmp_motion_driver.o
       236         16          0          0          0       1563   log_stm32.o
      3224        480          9        469      18520     260587   main.o
        28          4          0          4          0       1114   message_layer.o
       132         22          0          0          0       1547   misc.o
      1864          0          0          0          0      12360   ml_math_func.o
       264         92         47          0          0       2312   mpl.o
       684         92          0          0        136      11010   results_holder.o
       204         20          0          0         84       3032   start_manager.o
        36          8        304          0       1024        892   startup_stm32f10x_hd.o
       200         18          0          0          0       2116   stm32f10x_exti.o
       282          6          0          0          0       1825   stm32f10x_fsmc.o
       368          4          0          0          0       4278   stm32f10x_gpio.o
       102          6          0          8          0       5722   stm32f10x_it.o
       276         32          0         20          0       4425   stm32f10x_rcc.o
       292          6          0          0          0       4574   stm32f10x_usart.o
       168         10          0          0        408       2297   storage_manager.o
       328         28          0         20          0       2361   system_stm32f10x.o

    ----------------------------------------------------------------------
     22598       1612      18812        624      20956     439167   Object Totals
         0          0         32          0          0          0   (incl. Generated)
        34          0          6          5          0          0   (incl. Padding)

    ----------------------------------------------------------------------

      Code (inc. data)   RO Data    RW Data    ZI Data      Debug   Library Member Name

      2548         42          0          0        672      19752   fast_no_motion.o
      1628         54          0          0        312       5308   fusion_9axis.o
      1212         30          0          0        452       5515   gyro_tc.o
      1360         46          0          0        184       7270   mag_disturb.o
      2368        102          0          0        108       5409   quaternion_supervisor.o
       284         42          0          0          0        120   acosf.o
       604         76          0          0          0        116   atan2f.o
       380         52          0          0          0        124   cosf.o
        38          0          0          0          0         68   fpclassifyf.o
        28          0          0          0          0        272   funder.o
       360         16         32          0          0         88   rredf.o
       392         54          0          0          0        124   sinf.o
        44          0          0          0          0         80   sqrtf.o
        86          0          0          0          0          0   __dczerorl2.o
         0          0          0          0          0          0   entry.o
         0          0          0          0          0          0   entry10a.o
         0          0          0          0          0          0   entry11a.o
         8          4          0          0          0          0   entry2.o
         4          0          0          0          0          0   entry5.o
         0          0          0          0          0          0   entry7b.o
         0          0          0          0          0          0   entry8b.o
         8          4          0          0          0          0   entry9a.o
        12          6          0          4          0         68   errno.o
        30          0          0          0          0          0   handlers.o
        36          8          0          0          0         68   init.o
         0          0          0          0          0          0   iusefp.o
        98          0          0          0          0         84   ldiv.o
        30          0          0          0          0         68   llshl.o
        36          0          0          0          0         68   llsshr.o
        32          0          0          0          0         68   llushr.o
        26          0          0          0          0         80   memcmp.o
        64          0          0          0          0         76   memmovea.o
        36          0          0          0          0        108   memseta.o
      2304         96          0          0          0        600   printfa.o
        36         10          0          4          0        136   rand.o
         0          0          0          4          0          0   stdout.o
        44          0          0          0          0         80   uidiv.o
        98          0          0          0          0         92   uldiv.o
        48          0          0          0          0         68   cdcmple.o
        48          0          0          0          0         68   cdrcmple.o
        20          0          0          0          0         68   cfcmple.o
        20          0          0          0          0         68   cfrcmple.o
        56          0          0          0          0         88   d2f.o
       334          0          0          0          0        148   dadd.o
       222          0          0          0          0        100   ddiv.o
       186          0          0          0          0        176   depilogue.o
        62          0          0          0          0         80   dfixi.o
        48          0          0          0          0         68   dfixul.o
        34          0          0          0          0         76   dflti.o
       228          0          0          0          0         96   dmul.o
        46          0          0          0          0         80   dscalb.o
        38          0          0          0          0         68   f2d.o
       176          0          0          0          0        140   fadd.o
       124          0          0          0          0         88   fdiv.o
       110          0          0          0          0        168   fepilogue.o
        50          0          0          0          0         68   ffixi.o
        66          0          0          0          0         76   ffixl.o
        40          0          0          0          0         68   ffixui.o
        18          0          0          0          0         68   fflti.o
        44          0          0          0          0         92   ffltl.o
        10          0          0          0          0         68   ffltui.o
       100          0          0          0          0         76   fmul.o
        60          0          0          0          0         76   frnd.o
        24          0          0          0          0         68   fscalb.o
        94          0          0          0          0         96   fsqrt.o

    ----------------------------------------------------------------------
     16546        642         32         12       1728      48246   Library Totals
         6          0          0          0          0          0   (incl. Padding)

    ----------------------------------------------------------------------

      Code (inc. data)   RO Data    RW Data    ZI Data      Debug   Library Name

      9116        274          0          0       1728      43254   libmpllib.lib
      2130        240         32          0          0        992   m_ws.l
      2988        128          0         12          0       1596   mc_w.l
      2306          0          0          0          0       2404   mf_w.l

    ----------------------------------------------------------------------
     16546        642         32         12       1728      48246   Library Totals

    ----------------------------------------------------------------------

==============================================================================


      Code (inc. data)   RO Data    RW Data    ZI Data      Debug   

     39144       2254      18844        636      22684     472357   Grand Totals
     39144       2254      18844        148      22684     472357   ELF Image Totals (compressed)
     39144       2254      18844        148          0          0   ROM Totals

==============================================================================

    Total RO  Size (Code + RO Data)                57988 (  56.63kB)
    Total RW  Size (RW Data + ZI Data)             23320 (  22.77kB)
    Total ROM Size (Code + RO Data + RW Data)      58136 (  56.77kB)

==============================================================================

